Archive member included to satisfy reference by file (symbol)

D:\30_ARM_WS\workspace\STM32F7-DISCO-AI\Middlewares\ST\AI\AI\lib/network_runtime.a(ai_network_inspector.o)
                              Middlewares/ST/Application/Validation/Src/aiValidation.o (ai_inspector_bind_network)
D:\30_ARM_WS\workspace\STM32F7-DISCO-AI\Middlewares\ST\AI\AI\lib/network_runtime.a(ai_platform_interface.o)
                              Middlewares/ST/AI/AI/src/network.o (ai_platform_api_get_version)
D:\30_ARM_WS\workspace\STM32F7-DISCO-AI\Middlewares\ST\AI\AI\lib/network_runtime.a(core_common.o)
                              D:\30_ARM_WS\workspace\STM32F7-DISCO-AI\Middlewares\ST\AI\AI\lib/network_runtime.a(ai_platform_interface.o) (core_get_error)
D:\30_ARM_WS\workspace\STM32F7-DISCO-AI\Middlewares\ST\AI\AI\lib/network_runtime.a(core_net_inspect.o)
                              D:\30_ARM_WS\workspace\STM32F7-DISCO-AI\Middlewares\ST\AI\AI\lib/network_runtime.a(ai_network_inspector.o) (ai_network_inspect_destroy)
D:\30_ARM_WS\workspace\STM32F7-DISCO-AI\Middlewares\ST\AI\AI\lib/network_runtime.a(core_utils.o)
                              D:\30_ARM_WS\workspace\STM32F7-DISCO-AI\Middlewares\ST\AI\AI\lib/network_runtime.a(core_net_inspect.o) (core_utils_generate_network_signature)
D:\30_ARM_WS\workspace\STM32F7-DISCO-AI\Middlewares\ST\AI\AI\lib/network_runtime.a(layers.o)
                              D:\30_ARM_WS\workspace\STM32F7-DISCO-AI\Middlewares\ST\AI\AI\lib/network_runtime.a(ai_platform_interface.o) (ai_check_custom_types)
D:\30_ARM_WS\workspace\STM32F7-DISCO-AI\Middlewares\ST\AI\AI\lib/network_runtime.a(layers_conv2d_generic_float.o)
                              Middlewares/ST/AI/AI/src/network.o (forward_conv2d_nl_pool)
D:\30_ARM_WS\workspace\STM32F7-DISCO-AI\Middlewares\ST\AI\AI\lib/network_runtime.a(layers_nl_generic_float.o)
                              Middlewares/ST/AI/AI/src/network.o (forward_relu)
D:\30_ARM_WS\workspace\STM32F7-DISCO-AI\Middlewares\ST\AI\AI\lib/network_runtime.a(layers_pool_generic_float.o)
                              Middlewares/ST/AI/AI/src/network.o (pool_func_mp_array_f32)
D:\30_ARM_WS\workspace\STM32F7-DISCO-AI\Middlewares\ST\AI\AI\lib/network_runtime.a(ai_math_helpers.o)
                              D:\30_ARM_WS\workspace\STM32F7-DISCO-AI\Middlewares\ST\AI\AI\lib/network_runtime.a(layers_conv2d_generic_float.o) (ai_math_dot_array)
c:/ac6/systemworkbench/plugins/fr.ac6.mcu.externaltools.arm-none.win32_1.15.0.201708311556/tools/compiler/bin/../lib/gcc/arm-none-eabi/6.3.1/../../../../arm-none-eabi/lib/thumb/v7e-m/fpv5-sp/hard\libm.a(lib_a-sf_tanh.o)
                              D:\30_ARM_WS\workspace\STM32F7-DISCO-AI\Middlewares\ST\AI\AI\lib/network_runtime.a(layers_nl_generic_float.o) (tanhf)
c:/ac6/systemworkbench/plugins/fr.ac6.mcu.externaltools.arm-none.win32_1.15.0.201708311556/tools/compiler/bin/../lib/gcc/arm-none-eabi/6.3.1/../../../../arm-none-eabi/lib/thumb/v7e-m/fpv5-sp/hard\libm.a(lib_a-wf_exp.o)
                              D:\30_ARM_WS\workspace\STM32F7-DISCO-AI\Middlewares\ST\AI\AI\lib/network_runtime.a(layers_nl_generic_float.o) (expf)
c:/ac6/systemworkbench/plugins/fr.ac6.mcu.externaltools.arm-none.win32_1.15.0.201708311556/tools/compiler/bin/../lib/gcc/arm-none-eabi/6.3.1/../../../../arm-none-eabi/lib/thumb/v7e-m/fpv5-sp/hard\libm.a(lib_a-wf_pow.o)
                              D:\30_ARM_WS\workspace\STM32F7-DISCO-AI\Middlewares\ST\AI\AI\lib/network_runtime.a(ai_math_helpers.o) (powf)
c:/ac6/systemworkbench/plugins/fr.ac6.mcu.externaltools.arm-none.win32_1.15.0.201708311556/tools/compiler/bin/../lib/gcc/arm-none-eabi/6.3.1/../../../../arm-none-eabi/lib/thumb/v7e-m/fpv5-sp/hard\libm.a(lib_a-ef_exp.o)
                              c:/ac6/systemworkbench/plugins/fr.ac6.mcu.externaltools.arm-none.win32_1.15.0.201708311556/tools/compiler/bin/../lib/gcc/arm-none-eabi/6.3.1/../../../../arm-none-eabi/lib/thumb/v7e-m/fpv5-sp/hard\libm.a(lib_a-wf_exp.o) (__ieee754_expf)
c:/ac6/systemworkbench/plugins/fr.ac6.mcu.externaltools.arm-none.win32_1.15.0.201708311556/tools/compiler/bin/../lib/gcc/arm-none-eabi/6.3.1/../../../../arm-none-eabi/lib/thumb/v7e-m/fpv5-sp/hard\libm.a(lib_a-ef_pow.o)
                              c:/ac6/systemworkbench/plugins/fr.ac6.mcu.externaltools.arm-none.win32_1.15.0.201708311556/tools/compiler/bin/../lib/gcc/arm-none-eabi/6.3.1/../../../../arm-none-eabi/lib/thumb/v7e-m/fpv5-sp/hard\libm.a(lib_a-wf_pow.o) (__ieee754_powf)
c:/ac6/systemworkbench/plugins/fr.ac6.mcu.externaltools.arm-none.win32_1.15.0.201708311556/tools/compiler/bin/../lib/gcc/arm-none-eabi/6.3.1/../../../../arm-none-eabi/lib/thumb/v7e-m/fpv5-sp/hard\libm.a(lib_a-ef_sqrt.o)
                              c:/ac6/systemworkbench/plugins/fr.ac6.mcu.externaltools.arm-none.win32_1.15.0.201708311556/tools/compiler/bin/../lib/gcc/arm-none-eabi/6.3.1/../../../../arm-none-eabi/lib/thumb/v7e-m/fpv5-sp/hard\libm.a(lib_a-ef_pow.o) (__ieee754_sqrtf)
[...]
Memory Configuration

Name             Origin             Length             Attributes
RAM              0x20000000         0x00050000         xrw
FLASH            0x08000000         0x00100000         xr
*default*        0x00000000         0xffffffff

Linker script and memory map

LOAD c:/ac6/systemworkbench/plugins/fr.ac6.mcu.externaltools.arm-none.win32_1.15.0.201708311556/tools/compiler/bin/../lib/gcc/arm-none-eabi/6.3.1/thumb/v7e-m/fpv5-sp/hard/crti.o
LOAD c:/ac6/systemworkbench/plugins/fr.ac6.mcu.externaltools.arm-none.win32_1.15.0.201708311556/tools/compiler/bin/../lib/gcc/arm-none-eabi/6.3.1/thumb/v7e-m/fpv5-sp/hard/crtbegin.o
LOAD c:/ac6/systemworkbench/plugins/fr.ac6.mcu.externaltools.arm-none.win32_1.15.0.201708311556/tools/compiler/bin/../lib/gcc/arm-none-eabi/6.3.1/../../../../arm-none-eabi/lib/thumb/v7e-m/fpv5-sp/hard/crt0.o
LOAD Drivers/CMSIS/DSP_Lib/Source/BasicMathFunctions/arm_dot_prod_f32.o
LOAD Drivers/STM32F7xx_HAL_Driver/Src/stm32f7xx_hal.o
LOAD Drivers/STM32F7xx_HAL_Driver/Src/stm32f7xx_hal_cortex.o
LOAD Drivers/STM32F7xx_HAL_Driver/Src/stm32f7xx_hal_crc.o
LOAD Drivers/STM32F7xx_HAL_Driver/Src/stm32f7xx_hal_crc_ex.o
LOAD Drivers/STM32F7xx_HAL_Driver/Src/stm32f7xx_hal_dma.o
LOAD Drivers/STM32F7xx_HAL_Driver/Src/stm32f7xx_hal_dma_ex.o
LOAD Drivers/STM32F7xx_HAL_Driver/Src/stm32f7xx_hal_flash.o
LOAD Drivers/STM32F7xx_HAL_Driver/Src/stm32f7xx_hal_flash_ex.o
LOAD Drivers/STM32F7xx_HAL_Driver/Src/stm32f7xx_hal_gpio.o
LOAD Drivers/STM32F7xx_HAL_Driver/Src/stm32f7xx_hal_i2c.o
LOAD Drivers/STM32F7xx_HAL_Driver/Src/stm32f7xx_hal_i2c_ex.o
LOAD Drivers/STM32F7xx_HAL_Driver/Src/stm32f7xx_hal_pwr.o
LOAD Drivers/STM32F7xx_HAL_Driver/Src/stm32f7xx_hal_pwr_ex.o
LOAD Drivers/STM32F7xx_HAL_Driver/Src/stm32f7xx_hal_rcc.o
LOAD Drivers/STM32F7xx_HAL_Driver/Src/stm32f7xx_hal_rcc_ex.o
LOAD Drivers/STM32F7xx_HAL_Driver/Src/stm32f7xx_hal_tim.o
LOAD Drivers/STM32F7xx_HAL_Driver/Src/stm32f7xx_hal_tim_ex.o
LOAD Drivers/STM32F7xx_HAL_Driver/Src/stm32f7xx_hal_uart.o
LOAD Middlewares/ST/AI/AI/data/network_data.o
LOAD Middlewares/ST/AI/AI/src/network.o
LOAD Middlewares/ST/Application/Validation/Src/aiPbMgr.o
LOAD Middlewares/ST/Application/Validation/Src/aiTestUtility.o
LOAD Middlewares/ST/Application/Validation/Src/aiValidation.o
LOAD Middlewares/ST/Application/Validation/Src/pb_common.o
LOAD Middlewares/ST/Application/Validation/Src/pb_decode.o
LOAD Middlewares/ST/Application/Validation/Src/pb_encode.o
LOAD Middlewares/ST/Application/Validation/Src/stm32msg.pb.o
LOAD Src/app_x-cube-ai.o
LOAD Src/crc.o
LOAD Src/gpio.o
LOAD Src/main.o
LOAD Src/stm32f7xx_hal_msp.o
LOAD Src/stm32f7xx_it.o
LOAD Src/system_stm32f7xx.o
LOAD Src/usart.o
LOAD startup/startup_stm32f746xx.o
LOAD D:\30_ARM_WS\workspace\STM32F7-DISCO-AI\Middlewares\ST\AI\AI\lib/network_runtime.a
LOAD c:/ac6/systemworkbench/plugins/fr.ac6.mcu.externaltools.arm-none.win32_1.15.0.201708311556/tools/compiler/bin/../lib/gcc/arm-none-eabi/6.3.1/../../../../arm-none-eabi/lib/thumb/v7e-m/fpv5-sp/hard\libm.a
START GROUP
LOAD c:/ac6/systemworkbench/plugins/fr.ac6.mcu.externaltools.arm-none.win32_1.15.0.201708311556/tools/compiler/bin/../lib/gcc/arm-none-eabi/6.3.1/thumb/v7e-m/fpv5-sp/hard\libgcc.a
LOAD c:/ac6/systemworkbench/plugins/fr.ac6.mcu.externaltools.arm-none.win32_1.15.0.201708311556/tools/compiler/bin/../lib/gcc/arm-none-eabi/6.3.1/../../../../arm-none-eabi/lib/thumb/v7e-m/fpv5-sp/hard\libc_nano.a
END GROUP
START GROUP
LOAD c:/ac6/systemworkbench/plugins/fr.ac6.mcu.externaltools.arm-none.win32_1.15.0.201708311556/tools/compiler/bin/../lib/gcc/arm-none-eabi/6.3.1/thumb/v7e-m/fpv5-sp/hard\libgcc.a
LOAD c:/ac6/systemworkbench/plugins/fr.ac6.mcu.externaltools.arm-none.win32_1.15.0.201708311556/tools/compiler/bin/../lib/gcc/arm-none-eabi/6.3.1/../../../../arm-none-eabi/lib/thumb/v7e-m/fpv5-sp/hard\libc_nano.a
LOAD c:/ac6/systemworkbench/plugins/fr.ac6.mcu.externaltools.arm-none.win32_1.15.0.201708311556/tools/compiler/bin/../lib/gcc/arm-none-eabi/6.3.1/../../../../arm-none-eabi/lib/thumb/v7e-m/fpv5-sp/hard\libnosys.a
END GROUP
START GROUP
LOAD c:/ac6/systemworkbench/plugins/fr.ac6.mcu.externaltools.arm-none.win32_1.15.0.201708311556/tools/compiler/bin/../lib/gcc/arm-none-eabi/6.3.1/thumb/v7e-m/fpv5-sp/hard\libgcc.a
LOAD c:/ac6/systemworkbench/plugins/fr.ac6.mcu.externaltools.arm-none.win32_1.15.0.201708311556/tools/compiler/bin/../lib/gcc/arm-none-eabi/6.3.1/../../../../arm-none-eabi/lib/thumb/v7e-m/fpv5-sp/hard\libc_nano.a
LOAD c:/ac6/systemworkbench/plugins/fr.ac6.mcu.externaltools.arm-none.win32_1.15.0.201708311556/tools/compiler/bin/../lib/gcc/arm-none-eabi/6.3.1/../../../../arm-none-eabi/lib/thumb/v7e-m/fpv5-sp/hard\libnosys.a
END GROUP
LOAD c:/ac6/systemworkbench/plugins/fr.ac6.mcu.externaltools.arm-none.win32_1.15.0.201708311556/tools/compiler/bin/../lib/gcc/arm-none-eabi/6.3.1/thumb/v7e-m/fpv5-sp/hard/crtend.o
LOAD c:/ac6/systemworkbench/plugins/fr.ac6.mcu.externaltools.arm-none.win32_1.15.0.201708311556/tools/compiler/bin/../lib/gcc/arm-none-eabi/6.3.1/thumb/v7e-m/fpv5-sp/hard/crtn.o
                0x20050000                _estack = 0x20050000
                0x00002000                _Min_Heap_Size = 0x2000
                0x00000400                _Min_Stack_Size = 0x400

.isr_vector     0x08000000      0x1c8
                0x08000000                . = ALIGN (0x4)
 *(.isr_vector)
 .isr_vector    0x08000000      0x1c8 startup/startup_stm32f746xx.o
                0x08000000                g_pfnVectors
                0x080001c8                . = ALIGN (0x4)

.text           0x080001d0     0xb0f0
                0x080001d0                . = ALIGN (0x4)
 *(.text)
 .text          0x080001d0       0x6c c:/ac6/systemworkbench/plugins/fr.ac6.mcu.externaltools.arm-none.win32_1.15.0.201708311556/tools/compiler/bin/../lib/gcc/arm-none-eabi/6.3.1/thumb/v7e-m/fpv5-sp/hard/crtbegin.o
 .text          0x0800023c      0x2b6 D:\30_ARM_WS\workspace\STM32F7-DISCO-AI\Middlewares\ST\AI\AI\lib/network_runtime.a(ai_network_inspector.o)
                0x0800023c                ai_inspector_create
                0x0800028c                ai_inspector_destroy
                0x080002e2                ai_inspector_bind_network
                0x08000364                ai_inspector_unbind_network
                0x080003f8                ai_inspector_get_report
                0x08000476                ai_inspector_run
 *fill*         0x080004f2        0x2 
 .text          0x080004f4      0x918 D:\30_ARM_WS\workspace\STM32F7-DISCO-AI\Middlewares\ST\AI\AI\lib/network_runtime.a(ai_platform_interface.o)
                0x080005ee                ai_platform_runtime_get_revision
                0x08000688                ai_platform_runtime_get_version
                0x08000726                ai_platform_api_get_version
                0x080007c4                ai_platform_interface_api_get_version
                0x08000862                ai_platform_context_acquire
                0x0800090c                ai_platform_context_release
                0x0800091e                ai_platform_network_get_error
                0x080009d8                ai_platform_network_set_error
                0x080009e4                ai_platform_network_create
                0x08000a50                ai_platform_network_destroy
                0x08000afe                ai_platform_network_init
                0x08000bee                ai_platform_network_process
 .text          0x08000e0c       0x24 D:\30_ARM_WS\workspace\STM32F7-DISCO-AI\Middlewares\ST\AI\AI\lib/network_runtime.a(core_common.o)
                0x08000e0c                core_init
                0x08000e10                core_get_error
                0x08000e1a                core_set_error
 .text          0x08000e30      0x600 D:\30_ARM_WS\workspace\STM32F7-DISCO-AI\Middlewares\ST\AI\AI\lib/network_runtime.a(core_net_inspect.o)
                0x080011cc                ai_network_inspect_init
                0x08001350                ai_network_inspect_get_report
                0x08001380                ai_network_inspect_destroy
 .text          0x08001430      0x184 D:\30_ARM_WS\workspace\STM32F7-DISCO-AI\Middlewares\ST\AI\AI\lib/network_runtime.a(core_utils.o)
                0x0800156a                core_utils_compute_crc32
                0x0800156c                core_utils_generate_network_signature
 .text          0x080015b4      0x1b8 D:\30_ARM_WS\workspace\STM32F7-DISCO-AI\Middlewares\ST\AI\AI\lib/network_runtime.a(layers.o)
                0x080015b4                ai_layers_forward_layer
                0x080015c8                ai_check_custom_types
                0x080015f0                ai_layer_type_name
                0x080016b0                ai_layer_type_is_valid
                0x080016cc                ai_layers_forward_all
 .text          0x0800176c     0x106e D:\30_ARM_WS\workspace\STM32F7-DISCO-AI\Middlewares\ST\AI\AI\lib/network_runtime.a(layers_conv2d_generic_float.o)
                0x08001be4                ai_dict8_dot_array_f32
                0x08001ec8                ai_dict4_dot_array_f32
                0x08001f64                forward_conv2d
                0x080020d8                forward_conv2d_nl_pool
                0x08002450                forward_dense
                0x08002758                forward_gemm
 *fill*         0x080027da        0x2 
 .text          0x080027dc      0x6ea D:\30_ARM_WS\workspace\STM32F7-DISCO-AI\Middlewares\ST\AI\AI\lib/network_runtime.a(layers_nl_generic_float.o)
                0x080027dc                nl_func_sm_channel_f32
                0x08002900                nl_func_sm_array_f32
                0x08002934                nl_func_tanh_array_f32
                0x0800295c                nl_func_sigmoid_array_f32
                0x08002998                nl_func_sign_array_f32
                0x080029d0                nl_func_clip_array_f32
                0x08002a08                nl_func_relu_array_f32
                0x08002a34                nl_func_relu6_array_f32
                0x08002a74                nl_func_selu_array_f32
                0x08002b04                nl_func_prelu_array_f32
                0x08002b50                forward_relu
                0x08002ba0                forward_relu6
                0x08002c08                forward_selu
                0x08002cb4                forward_prelu
                0x08002d2c                forward_sign
                0x08002d90                forward_clip
                0x08002df8                forward_sigmoid
                0x08002e50                forward_tanh
                0x08002e92                forward_sm
 *fill*         0x08002ec6        0x2 
 .text          0x08002ec8      0x688 D:\30_ARM_WS\workspace\STM32F7-DISCO-AI\Middlewares\ST\AI\AI\lib/network_runtime.a(layers_pool_generic_float.o)
                0x08002ec8                pool_func_mp_array_f32
                0x08002f88                pool_func_ap_array_f32
                0x080030a4                forward_mp
                0x080032b4                forward_ap
 .text          0x08003550       0xf0 D:\30_ARM_WS\workspace\STM32F7-DISCO-AI\Middlewares\ST\AI\AI\lib/network_runtime.a(ai_math_helpers.o)
                0x08003550                ai_math_dot_array
                0x0800357c                ai_math_sqrt
                0x08003594                ai_math_exp
                0x08003598                ai_math_pow
                0x0800359c                ai_math_tanh
                0x080035a0                ai_math_relu
                0x080035b0                ai_math_prelu
                0x080035c0                ai_math_sigmoid
                0x080035e0                ai_math_hard_sigmoid
                0x08003614                ai_math_sign
 .text          0x08003640      0x370 c:/ac6/systemworkbench/plugins/fr.ac6.mcu.externaltools.arm-none.win32_1.15.0.201708311556/tools/compiler/bin/../lib/gcc/arm-none-eabi/6.3.1/thumb/v7e-m/fpv5-sp/hard\libgcc.a(_arm_addsubdf3.o)
                0x08003640                __aeabi_drsub
                0x08003648                __aeabi_dsub
                0x08003648                __subdf3
                0x0800364c                __aeabi_dadd
                0x0800364c                __adddf3
                0x080038c4                __floatunsidf
                0x080038c4                __aeabi_ui2d
                0x080038e4                __floatsidf
                0x080038e4                __aeabi_i2d
                0x08003908                __aeabi_f2d
                0x08003908                __extendsfdf2
                0x08003944                __floatundidf
                0x08003944                __aeabi_ul2d
                0x08003954                __floatdidf
                0x08003954                __aeabi_l2d
 .text          0x080039b0      0x424 c:/ac6/systemworkbench/plugins/fr.ac6.mcu.externaltools.arm-none.win32_1.15.0.201708311556/tools/compiler/bin/../lib/gcc/arm-none-eabi/6.3.1/thumb/v7e-m/fpv5-sp/hard\libgcc.a(_arm_muldivdf3.o)
                0x080039b0                __aeabi_dmul
                0x080039b0                __muldf3
                0x08003c04                __divdf3
                0x08003c04                __aeabi_ddiv
 .text          0x08003dd4      0x110 c:/ac6/systemworkbench/plugins/fr.ac6.mcu.externaltools.arm-none.win32_1.15.0.201708311556/tools/compiler/bin/../lib/gcc/arm-none-eabi/6.3.1/thumb/v7e-m/fpv5-sp/hard\libgcc.a(_arm_cmpdf2.o)
                0x08003dd4                __gtdf2
                0x08003dd4                __gedf2
                0x08003ddc                __ltdf2
                0x08003ddc                __ledf2
                0x08003de4                __nedf2
                0x08003de4                __eqdf2
                0x08003de4                __cmpdf2
                0x08003e60                __aeabi_cdrcmple
                0x08003e70                __aeabi_cdcmpeq
                0x08003e70                __aeabi_cdcmple
                0x08003e80                __aeabi_dcmpeq
                0x08003e94                __aeabi_dcmplt
                0x08003ea8                __aeabi_dcmple
                0x08003ebc                __aeabi_dcmpge
                0x08003ed0                __aeabi_dcmpgt
 .text          0x08003ee4       0xa0 c:/ac6/systemworkbench/plugins/fr.ac6.mcu.externaltools.arm-none.win32_1.15.0.201708311556/tools/compiler/bin/../lib/gcc/arm-none-eabi/6.3.1/thumb/v7e-m/fpv5-sp/hard\libgcc.a(_arm_truncdfsf2.o)
                0x08003ee4                __truncdfsf2
                0x08003ee4                __aeabi_d2f
 .text          0x08003f84      0x21c c:/ac6/systemworkbench/plugins/fr.ac6.mcu.externaltools.arm-none.win32_1.15.0.201708311556/tools/compiler/bin/../lib/gcc/arm-none-eabi/6.3.1/thumb/v7e-m/fpv5-sp/hard\libgcc.a(_arm_addsubsf3.o)
                0x08003f84                __aeabi_frsub
                0x08003f8c                __subsf3
                0x08003f8c                __aeabi_fsub
                0x08003f90                __aeabi_fadd
                0x08003f90                __addsf3
                0x080040f0                __aeabi_ui2f
                0x080040f0                __floatunsisf
                0x080040f8                __aeabi_i2f
                0x080040f8                __floatsisf
                0x08004114                __aeabi_ul2f
                0x08004114                __floatundisf
                0x08004124                __aeabi_l2f
                0x08004124                __floatdisf
 .text          0x080041a0       0x30 c:/ac6/systemworkbench/plugins/fr.ac6.mcu.externaltools.arm-none.win32_1.15.0.201708311556/tools/compiler/bin/../lib/gcc/arm-none-eabi/6.3.1/thumb/v7e-m/fpv5-sp/hard\libgcc.a(_aeabi_uldivmod.o)
                0x080041a0                __aeabi_uldivmod
 .text          0x080041d0      0x2dc c:/ac6/systemworkbench/plugins/fr.ac6.mcu.externaltools.arm-none.win32_1.15.0.201708311556/tools/compiler/bin/../lib/gcc/arm-none-eabi/6.3.1/thumb/v7e-m/fpv5-sp/hard\libgcc.a(_udivmoddi4.o)
                0x080041d0                __udivmoddi4
 .text          0x080044ac        0x4 c:/ac6/systemworkbench/plugins/fr.ac6.mcu.externaltools.arm-none.win32_1.15.0.201708311556/tools/compiler/bin/../lib/gcc/arm-none-eabi/6.3.1/thumb/v7e-m/fpv5-sp/hard\libgcc.a(_dvmd_tls.o)
                0x080044ac                __aeabi_idiv0
                0x080044ac                __aeabi_ldiv0
 .text          0x080044b0       0x10 c:/ac6/systemworkbench/plugins/fr.ac6.mcu.externaltools.arm-none.win32_1.15.0.201708311556/tools/compiler/bin/../lib/gcc/arm-none-eabi/6.3.1/../../../../arm-none-eabi/lib/thumb/v7e-m/fpv5-sp/hard\libc_nano.a(lib_a-strlen.o)
                0x080044b0                strlen
 .text          0x080044c0       0xa0 c:/ac6/systemworkbench/plugins/fr.ac6.mcu.externaltools.arm-none.win32_1.15.0.201708311556/tools/compiler/bin/../lib/gcc/arm-none-eabi/6.3.1/../../../../arm-none-eabi/lib/thumb/v7e-m/fpv5-sp/hard\libc_nano.a(lib_a-memchr.o)
                0x080044c0                memchr
 *(.text*)
 .text.arm_dot_prod_f32
                0x08004560       0x84 Drivers/CMSIS/DSP_Lib/Source/BasicMathFunctions/arm_dot_prod_f32.o
                0x08004560                arm_dot_prod_f32
 .text.HAL_InitTick
                0x080045e4       0x48 Drivers/STM32F7xx_HAL_Driver/Src/stm32f7xx_hal.o
                0x080045e4                HAL_InitTick
 .text.HAL_Init
                0x0800462c       0x24 Drivers/STM32F7xx_HAL_Driver/Src/stm32f7xx_hal.o
                0x0800462c                HAL_Init
 .text.HAL_IncTick
                0x08004650       0x18 Drivers/STM32F7xx_HAL_Driver/Src/stm32f7xx_hal.o
                0x08004650                HAL_IncTick
 .text.HAL_GetTick
                0x08004668        0xc Drivers/STM32F7xx_HAL_Driver/Src/stm32f7xx_hal.o
                0x08004668                HAL_GetTick
 .text.HAL_Delay
                0x08004674       0x28 Drivers/STM32F7xx_HAL_Driver/Src/stm32f7xx_hal.o
                0x08004674                HAL_Delay
 .text.HAL_GetHalVersion
                0x0800469c        0x8 Drivers/STM32F7xx_HAL_Driver/Src/stm32f7xx_hal.o
                0x0800469c                HAL_GetHalVersion
 .text.HAL_GetREVID
                0x080046a4        0xc Drivers/STM32F7xx_HAL_Driver/Src/stm32f7xx_hal.o
                0x080046a4                HAL_GetREVID
 .text.HAL_GetDEVID
                0x080046b0       0x10 Drivers/STM32F7xx_HAL_Driver/Src/stm32f7xx_hal.o
                0x080046b0                HAL_GetDEVID
 .text.HAL_NVIC_SetPriorityGrouping
                0x080046c0       0x24 Drivers/STM32F7xx_HAL_Driver/Src/stm32f7xx_hal_cortex.o
                0x080046c0                HAL_NVIC_SetPriorityGrouping
 .text.HAL_NVIC_SetPriority
                0x080046e4       0x60 Drivers/STM32F7xx_HAL_Driver/Src/stm32f7xx_hal_cortex.o
                0x080046e4                HAL_NVIC_SetPriority
 .text.HAL_SYSTICK_Config
                0x08004744       0x2c Drivers/STM32F7xx_HAL_Driver/Src/stm32f7xx_hal_cortex.o
                0x08004744                HAL_SYSTICK_Config
 .text.HAL_CRC_Init
                0x08004770       0x80 Drivers/STM32F7xx_HAL_Driver/Src/stm32f7xx_hal_crc.o
                0x08004770                HAL_CRC_Init
 .text.HAL_CRCEx_Polynomial_Set
                0x080047f0       0x56 Drivers/STM32F7xx_HAL_Driver/Src/stm32f7xx_hal_crc_ex.o
                0x080047f0                HAL_CRCEx_Polynomial_Set
 *fill*         0x08004846        0x2 
 .text.HAL_GPIO_Init
                0x08004848      0x1dc Drivers/STM32F7xx_HAL_Driver/Src/stm32f7xx_hal_gpio.o
                0x08004848                HAL_GPIO_Init
 .text.HAL_PWREx_EnableOverDrive
                0x08004a24       0x7c Drivers/STM32F7xx_HAL_Driver/Src/stm32f7xx_hal_pwr_ex.o
                0x08004a24                HAL_PWREx_EnableOverDrive
 .text.HAL_RCC_OscConfig
                0x08004aa0      0x3d4 Drivers/STM32F7xx_HAL_Driver/Src/stm32f7xx_hal_rcc.o
                0x08004aa0                HAL_RCC_OscConfig
 .text.HAL_RCC_GetSysClockFreq
                0x08004e74       0xa4 Drivers/STM32F7xx_HAL_Driver/Src/stm32f7xx_hal_rcc.o
                0x08004e74                HAL_RCC_GetSysClockFreq
 .text.HAL_RCC_ClockConfig
                0x08004f18      0x164 Drivers/STM32F7xx_HAL_Driver/Src/stm32f7xx_hal_rcc.o
                0x08004f18                HAL_RCC_ClockConfig
 .text.HAL_RCC_GetHCLKFreq
                0x0800507c        0xc Drivers/STM32F7xx_HAL_Driver/Src/stm32f7xx_hal_rcc.o
                0x0800507c                HAL_RCC_GetHCLKFreq
 .text.HAL_RCC_GetPCLK1Freq
                0x08005088       0x20 Drivers/STM32F7xx_HAL_Driver/Src/stm32f7xx_hal_rcc.o
                0x08005088                HAL_RCC_GetPCLK1Freq
 .text.HAL_RCC_GetPCLK2Freq
                0x080050a8       0x20 Drivers/STM32F7xx_HAL_Driver/Src/stm32f7xx_hal_rcc.o
                0x080050a8                HAL_RCC_GetPCLK2Freq
 .text.HAL_RCCEx_PeriphCLKConfig
                0x080050c8      0x5ac Drivers/STM32F7xx_HAL_Driver/Src/stm32f7xx_hal_rcc_ex.o
                0x080050c8                HAL_RCCEx_PeriphCLKConfig
 .text.UART_WaitOnFlagUntilTimeout
                0x08005674       0x64 Drivers/STM32F7xx_HAL_Driver/Src/stm32f7xx_hal_uart.o
                0x08005674                UART_WaitOnFlagUntilTimeout
 .text.HAL_UART_Transmit
                0x080056d8       0xcc Drivers/STM32F7xx_HAL_Driver/Src/stm32f7xx_hal_uart.o
                0x080056d8                HAL_UART_Transmit
 .text.HAL_UART_Receive
                0x080057a4      0x10c Drivers/STM32F7xx_HAL_Driver/Src/stm32f7xx_hal_uart.o
                0x080057a4                HAL_UART_Receive
 .text.UART_SetConfig
                0x080058b0      0x360 Drivers/STM32F7xx_HAL_Driver/Src/stm32f7xx_hal_uart.o
                0x080058b0                UART_SetConfig
 .text.UART_AdvFeatureConfig
                0x08005c10       0xca Drivers/STM32F7xx_HAL_Driver/Src/stm32f7xx_hal_uart.o
                0x08005c10                UART_AdvFeatureConfig
 .text.UART_CheckIdleState
                0x08005cda       0x48 Drivers/STM32F7xx_HAL_Driver/Src/stm32f7xx_hal_uart.o
                0x08005cda                UART_CheckIdleState
 .text.HAL_UART_Init
                0x08005d22       0x68 Drivers/STM32F7xx_HAL_Driver/Src/stm32f7xx_hal_uart.o
                0x08005d22                HAL_UART_Init
 *fill*         0x08005d8a        0x2 
 .text.ai_network_data_weights_get
                0x08005d8c        0x8 Middlewares/ST/AI/AI/data/network_data.o
                0x08005d8c                ai_network_data_weights_get
 .text.ai_network_get_info
                0x08005d94      0x10c Middlewares/ST/AI/AI/src/network.o
                0x08005d94                ai_network_get_info
 .text.ai_network_get_error
                0x08005ea0        0x8 Middlewares/ST/AI/AI/src/network.o
                0x08005ea0                ai_network_get_error
 .text.ai_network_create
                0x08005ea8       0x1c Middlewares/ST/AI/AI/src/network.o
                0x08005ea8                ai_network_create
 .text.ai_network_destroy
                0x08005ec4        0x8 Middlewares/ST/AI/AI/src/network.o
                0x08005ec4                ai_network_destroy
 .text.ai_network_init
                0x08005ecc      0x134 Middlewares/ST/AI/AI/src/network.o
                0x08005ecc                ai_network_init
 .text.ai_network_run
                0x08006000        0x8 Middlewares/ST/AI/AI/src/network.o
                0x08006000                ai_network_run
 .text.ai_network_forward
                0x08006008        0xa Middlewares/ST/AI/AI/src/network.o
                0x08006008                ai_network_forward
 .text.init_aibuffer_msg
                0x08006012       0x24 Middlewares/ST/Application/Validation/Src/aiPbMgr.o
 .text.aiPbBuffer_read_cb
                0x08006036       0x50 Middlewares/ST/Application/Validation/Src/aiPbMgr.o
 .text.aiPbBuffer_write_cb
                0x08006086       0x86 Middlewares/ST/Application/Validation/Src/aiPbMgr.o
 .text.nn_shape_w_cb
                0x0800610c       0x4c Middlewares/ST/Application/Validation/Src/aiPbMgr.o
 .text.nn_outputs_w_cb
                0x08006158       0x14 Middlewares/ST/Application/Validation/Src/aiPbMgr.o
 .text.nn_inputs_w_cb
                0x0800616c       0x14 Middlewares/ST/Application/Validation/Src/aiPbMgr.o
 .text.aiPbMgrInit
                0x08006180       0x58 Middlewares/ST/Application/Validation/Src/aiPbMgr.o
                0x08006180                aiPbMgrInit
 .text.aiPbMgrSendResp
                0x080061d8       0x20 Middlewares/ST/Application/Validation/Src/aiPbMgr.o
                0x080061d8                aiPbMgrSendResp
 .text.aiPbMgrSendAck
                0x080061f8        0xe Middlewares/ST/Application/Validation/Src/aiPbMgr.o
                0x080061f8                aiPbMgrSendAck
 *fill*         0x08006206        0x2 
 .text.aiPbMgrWaitAndProcess
                0x08006208       0x74 Middlewares/ST/Application/Validation/Src/aiPbMgr.o
                0x08006208                aiPbMgrWaitAndProcess
 .text.aiPbMgrWaitAck
                0x0800627c       0x28 Middlewares/ST/Application/Validation/Src/aiPbMgr.o
                0x0800627c                aiPbMgrWaitAck
 .text.aiPbAiBufferSize
                0x080062a4       0x1e Middlewares/ST/Application/Validation/Src/aiPbMgr.o
                0x080062a4                aiPbAiBufferSize
 *fill*         0x080062c2        0x2 
 .text.aiPbMgrReceiveAiBuffer
                0x080062c4      0x100 Middlewares/ST/Application/Validation/Src/aiPbMgr.o
                0x080062c4                aiPbMgrReceiveAiBuffer
 .text.aiPbMgrSendAiBuffer
                0x080063c4       0x90 Middlewares/ST/Application/Validation/Src/aiPbMgr.o
                0x080063c4                aiPbMgrSendAiBuffer
 .text.aiPbCmdSync
                0x08006454       0x1e Middlewares/ST/Application/Validation/Src/aiPbMgr.o
                0x08006454                aiPbCmdSync
 .text.aiPbCmdSysInfo
                0x08006472       0x2e Middlewares/ST/Application/Validation/Src/aiPbMgr.o
                0x08006472                aiPbCmdSysInfo
 .text.aiPbStrCopy
                0x080064a0       0x50 Middlewares/ST/Application/Validation/Src/aiPbMgr.o
                0x080064a0                aiPbStrCopy
 .text.aiPbVersionToUint32
                0x080064f0       0x1e Middlewares/ST/Application/Validation/Src/aiPbMgr.o
                0x080064f0                aiPbVersionToUint32
 *fill*         0x0800650e        0x2 
 .text.aiPbMgrSendNNInfo
                0x08006510       0xf0 Middlewares/ST/Application/Validation/Src/aiPbMgr.o
                0x08006510                aiPbMgrSendNNInfo
 .text.write_packet
                0x08006600       0x24 Middlewares/ST/Application/Validation/Src/aiTestUtility.o
 .text.write_callback
                0x08006624       0x40 Middlewares/ST/Application/Validation/Src/aiTestUtility.o
 .text.read_packet
                0x08006664       0x2c Middlewares/ST/Application/Validation/Src/aiTestUtility.o
 .text.read_callback
                0x08006690       0x80 Middlewares/ST/Application/Validation/Src/aiTestUtility.o
 .text.crcIpInit
                0x08006710       0x38 Middlewares/ST/Application/Validation/Src/aiTestUtility.o
                0x08006710                crcIpInit
 .text.dwtIpInit
                0x08006748       0x30 Middlewares/ST/Application/Validation/Src/aiTestUtility.o
                0x08006748                dwtIpInit
 .text.dwtReset
                0x08006778        0xc Middlewares/ST/Application/Validation/Src/aiTestUtility.o
                0x08006778                dwtReset
 .text.dwtGetCycles
                0x08006784        0xc Middlewares/ST/Application/Validation/Src/aiTestUtility.o
                0x08006784                dwtGetCycles
 .text.systemCoreClock
                0x08006790        0x8 Middlewares/ST/Application/Validation/Src/aiTestUtility.o
                0x08006790                systemCoreClock
 .text.dwtCyclesToFloatMs
                0x08006798       0x38 Middlewares/ST/Application/Validation/Src/aiTestUtility.o
                0x08006798                dwtCyclesToFloatMs
 .text.getFlashCacheConf
                0x080067d0        0xc Middlewares/ST/Application/Validation/Src/aiTestUtility.o
                0x080067d0                getFlashCacheConf
 .text.logDeviceConf
                0x080067dc      0x1e4 Middlewares/ST/Application/Validation/Src/aiTestUtility.o
                0x080067dc                logDeviceConf
 .text.disableInts
                0x080069c0        0x8 Middlewares/ST/Application/Validation/Src/aiTestUtility.o
                0x080069c0                disableInts
 .text.restoreInts
                0x080069c8        0x6 Middlewares/ST/Application/Validation/Src/aiTestUtility.o
                0x080069c8                restoreInts
 *fill*         0x080069ce        0x2 
 .text.ioDisableWrite
                0x080069d0        0xc Middlewares/ST/Application/Validation/Src/aiTestUtility.o
                0x080069d0                ioDisableWrite
 .text._write   0x080069dc       0x4c Middlewares/ST/Application/Validation/Src/aiTestUtility.o
                0x080069dc                _write
 .text.aiLogErr
                0x08006a28       0x24 Middlewares/ST/Application/Validation/Src/aiTestUtility.o
                0x08006a28                aiLogErr
 .text.aiBufferSize
                0x08006a4c       0x10 Middlewares/ST/Application/Validation/Src/aiTestUtility.o
                0x08006a4c                aiBufferSize
 .text.aiPrintNetworkInfo
                0x08006a5c      0x180 Middlewares/ST/Application/Validation/Src/aiTestUtility.o
                0x08006a5c                aiPrintNetworkInfo
 .text.aiTestHeader
                0x08006bdc       0x40 Middlewares/ST/Application/Validation/Src/aiTestUtility.o
                0x08006bdc                aiTestHeader
 .text.ioFlushWrite
                0x08006c1c       0x1c Middlewares/ST/Application/Validation/Src/aiTestUtility.o
                0x08006c1c                ioFlushWrite
 .text.ioFlushRead
                0x08006c38       0x14 Middlewares/ST/Application/Validation/Src/aiTestUtility.o
                0x08006c38                ioFlushRead
 .text.pb_ostream_to_uart
                0x08006c4c       0x18 Middlewares/ST/Application/Validation/Src/aiTestUtility.o
                0x08006c4c                pb_ostream_to_uart
 .text.pb_istream_from_uart
                0x08006c64       0x18 Middlewares/ST/Application/Validation/Src/aiTestUtility.o
                0x08006c64                pb_istream_from_uart
 .text.aiExecCtx
                0x08006c7c       0x6c Middlewares/ST/Application/Validation/Src/aiValidation.o
 .text.aiPbCmdNNInfo
                0x08006ce8       0x2e Middlewares/ST/Application/Validation/Src/aiValidation.o
                0x08006ce8                aiPbCmdNNInfo
 .text.aiOnExecNode_cb
                0x08006d16       0xa2 Middlewares/ST/Application/Validation/Src/aiValidation.o
 .text.aiInspectorUnBind
                0x08006db8       0x22 Middlewares/ST/Application/Validation/Src/aiValidation.o
 .text.aiInspectorBind
                0x08006dda       0x3a Middlewares/ST/Application/Validation/Src/aiValidation.o
 .text.aiInspectorInitAndBind
                0x08006e14       0x68 Middlewares/ST/Application/Validation/Src/aiValidation.o
 .text.aiInspectorGetReport
                0x08006e7c       0x32 Middlewares/ST/Application/Validation/Src/aiValidation.o
 .text.aiInspectorSendReport
                0x08006eae       0x5c Middlewares/ST/Application/Validation/Src/aiValidation.o
 .text.aiInspectorUnbindAndDestroy
                0x08006f0a       0x1a Middlewares/ST/Application/Validation/Src/aiValidation.o
 .text.aiPbCmdNNRun
                0x08006f24      0x164 Middlewares/ST/Application/Validation/Src/aiValidation.o
                0x08006f24                aiPbCmdNNRun
 .text.aiBootstrap
                0x08007088       0xe4 Middlewares/ST/Application/Validation/Src/aiValidation.o
 .text.aiInit   0x0800716c       0x80 Middlewares/ST/Application/Validation/Src/aiValidation.o
 .text.aiValidationCore
                0x080071ec        0x8 Middlewares/ST/Application/Validation/Src/aiValidation.o
 .text.aiValidationInit
                0x080071f4       0x2c Middlewares/ST/Application/Validation/Src/aiValidation.o
                0x080071f4                aiValidationInit
 .text.aiValidationProcess
                0x08007220       0x84 Middlewares/ST/Application/Validation/Src/aiValidation.o
                0x08007220                aiValidationProcess
 .text.pb_field_iter_begin
                0x080072a4       0x24 Middlewares/ST/Application/Validation/Src/pb_common.o
                0x080072a4                pb_field_iter_begin
 .text.pb_field_iter_next
                0x080072c8       0x8a Middlewares/ST/Application/Validation/Src/pb_common.o
                0x080072c8                pb_field_iter_next
 .text.pb_field_iter_find
                0x08007352       0x30 Middlewares/ST/Application/Validation/Src/pb_common.o
                0x08007352                pb_field_iter_find
 .text.buf_read
                0x08007382       0x22 Middlewares/ST/Application/Validation/Src/pb_decode.o
 .text.pb_readbyte
                0x080073a4       0x40 Middlewares/ST/Application/Validation/Src/pb_decode.o
 .text.pb_decode_varint32_eof
                0x080073e4       0xb8 Middlewares/ST/Application/Validation/Src/pb_decode.o
 .text.decode_pointer_field
                0x0800749c       0x14 Middlewares/ST/Application/Validation/Src/pb_decode.o
 .text.iter_from_extension
                0x080074b0       0x2e Middlewares/ST/Application/Validation/Src/pb_decode.o
 .text.find_extension_field
                0x080074de       0x26 Middlewares/ST/Application/Validation/Src/pb_decode.o
 .text.pb_field_set_to_default
                0x08007504       0xb8 Middlewares/ST/Application/Validation/Src/pb_decode.o
 .text.pb_message_set_to_defaults
                0x080075bc       0x26 Middlewares/ST/Application/Validation/Src/pb_decode.o
 *fill*         0x080075e2        0x2 
 .text.pb_read  0x080075e4       0x80 Middlewares/ST/Application/Validation/Src/pb_decode.o
                0x080075e4                pb_read
 .text.pb_skip_varint
                0x08007664       0x24 Middlewares/ST/Application/Validation/Src/pb_decode.o
 .text.read_raw_value
                0x08007688       0x74 Middlewares/ST/Application/Validation/Src/pb_decode.o
 .text.pb_istream_from_buffer
                0x080076fc       0x18 Middlewares/ST/Application/Validation/Src/pb_decode.o
                0x080076fc                pb_istream_from_buffer
 .text.pb_decode_varint32
                0x08007714        0xa Middlewares/ST/Application/Validation/Src/pb_decode.o
                0x08007714                pb_decode_varint32
 .text.pb_skip_string
                0x0800771e       0x24 Middlewares/ST/Application/Validation/Src/pb_decode.o
 *fill*         0x08007742        0x2 
 .text.pb_dec_fixed_length_bytes
                0x08007744       0x68 Middlewares/ST/Application/Validation/Src/pb_decode.o
 .text.pb_dec_string
                0x080077ac       0x78 Middlewares/ST/Application/Validation/Src/pb_decode.o
 .text.pb_dec_bytes
                0x08007824       0x8c Middlewares/ST/Application/Validation/Src/pb_decode.o
 .text.pb_decode_varint
                0x080078b0       0x7c Middlewares/ST/Application/Validation/Src/pb_decode.o
                0x080078b0                pb_decode_varint
 .text.pb_dec_uvarint
                0x0800792c       0x84 Middlewares/ST/Application/Validation/Src/pb_decode.o
 .text.pb_dec_varint
                0x080079b0       0x8c Middlewares/ST/Application/Validation/Src/pb_decode.o
 .text.pb_decode_tag
                0x08007a3c       0x3e Middlewares/ST/Application/Validation/Src/pb_decode.o
                0x08007a3c                pb_decode_tag
 *fill*         0x08007a7a        0x2 
 .text.pb_skip_field
                0x08007a7c       0x44 Middlewares/ST/Application/Validation/Src/pb_decode.o
                0x08007a7c                pb_skip_field
 .text.pb_make_string_substream
                0x08007ac0       0x40 Middlewares/ST/Application/Validation/Src/pb_decode.o
                0x08007ac0                pb_make_string_substream
 .text.pb_close_string_substream
                0x08007b00       0x28 Middlewares/ST/Application/Validation/Src/pb_decode.o
                0x08007b00                pb_close_string_substream
 .text.decode_static_field
                0x08007b28      0x144 Middlewares/ST/Application/Validation/Src/pb_decode.o
 .text.decode_callback_field
                0x08007c6c       0x9c Middlewares/ST/Application/Validation/Src/pb_decode.o
 .text.decode_field
                0x08007d08       0x38 Middlewares/ST/Application/Validation/Src/pb_decode.o
 .text.default_extension_decoder
                0x08007d40       0x30 Middlewares/ST/Application/Validation/Src/pb_decode.o
 .text.decode_extension
                0x08007d70       0x4a Middlewares/ST/Application/Validation/Src/pb_decode.o
 *fill*         0x08007dba        0x2 
 .text.pb_decode_noinit
                0x08007dbc      0x1c4 Middlewares/ST/Application/Validation/Src/pb_decode.o
                0x08007dbc                pb_decode_noinit
 .text.pb_decode
                0x08007f80       0x1c Middlewares/ST/Application/Validation/Src/pb_decode.o
                0x08007f80                pb_decode
 .text.pb_dec_submessage
                0x08007f9c       0x6c Middlewares/ST/Application/Validation/Src/pb_decode.o
 .text.pb_decode_delimited
                0x08008008       0x36 Middlewares/ST/Application/Validation/Src/pb_decode.o
                0x08008008                pb_decode_delimited
 .text.pb_decode_svarint
                0x0800803e       0x40 Middlewares/ST/Application/Validation/Src/pb_decode.o
                0x0800803e                pb_decode_svarint
 *fill*         0x0800807e        0x2 
 .text.pb_dec_svarint
                0x08008080       0x84 Middlewares/ST/Application/Validation/Src/pb_decode.o
 .text.pb_decode_fixed32
                0x08008104       0x38 Middlewares/ST/Application/Validation/Src/pb_decode.o
                0x08008104                pb_decode_fixed32
 .text.pb_dec_fixed32
                0x0800813c        0xa Middlewares/ST/Application/Validation/Src/pb_decode.o
 .text.pb_decode_fixed64
                0x08008146       0x78 Middlewares/ST/Application/Validation/Src/pb_decode.o
                0x08008146                pb_decode_fixed64
 .text.pb_dec_fixed64
                0x080081be        0xa Middlewares/ST/Application/Validation/Src/pb_decode.o
 .text.encode_callback_field
                0x080081c8       0x28 Middlewares/ST/Application/Validation/Src/pb_encode.o
 .text.pb_const_cast
                0x080081f0        0x2 Middlewares/ST/Application/Validation/Src/pb_encode.o
 .text.pb_check_proto3_default_value
                0x080081f2       0xd0 Middlewares/ST/Application/Validation/Src/pb_encode.o
 *fill*         0x080082c2        0x2 
 .text.pb_write
                0x080082c4       0x4c Middlewares/ST/Application/Validation/Src/pb_encode.o
                0x080082c4                pb_write
 .text.pb_encode_varint
                0x08008310       0x5c Middlewares/ST/Application/Validation/Src/pb_encode.o
                0x08008310                pb_encode_varint
 .text.pb_enc_uvarint
                0x0800836c       0x44 Middlewares/ST/Application/Validation/Src/pb_encode.o
 .text.pb_enc_varint
                0x080083b0       0x48 Middlewares/ST/Application/Validation/Src/pb_encode.o
 .text.pb_encode_svarint
                0x080083f8       0x1e Middlewares/ST/Application/Validation/Src/pb_encode.o
                0x080083f8                pb_encode_svarint
 *fill*         0x08008416        0x2 
 .text.pb_enc_svarint
                0x08008418       0x48 Middlewares/ST/Application/Validation/Src/pb_encode.o
 .text.pb_encode_fixed32
                0x08008460       0x30 Middlewares/ST/Application/Validation/Src/pb_encode.o
                0x08008460                pb_encode_fixed32
 .text.pb_enc_fixed32
                0x08008490        0xa Middlewares/ST/Application/Validation/Src/pb_encode.o
 .text.pb_encode_fixed64
                0x0800849a       0x4a Middlewares/ST/Application/Validation/Src/pb_encode.o
                0x0800849a                pb_encode_fixed64
 .text.pb_enc_fixed64
                0x080084e4        0xa Middlewares/ST/Application/Validation/Src/pb_encode.o
 .text.pb_encode_tag
                0x080084ee       0x14 Middlewares/ST/Application/Validation/Src/pb_encode.o
                0x080084ee                pb_encode_tag
 *fill*         0x08008502        0x2 
 .text.pb_encode_tag_for_field
                0x08008504       0x44 Middlewares/ST/Application/Validation/Src/pb_encode.o
                0x08008504                pb_encode_tag_for_field
 .text.encode_array
                0x08008548      0x140 Middlewares/ST/Application/Validation/Src/pb_encode.o
 .text.encode_basic_field
                0x08008688      0x11c Middlewares/ST/Application/Validation/Src/pb_encode.o
 .text.encode_field
                0x080087a4       0x30 Middlewares/ST/Application/Validation/Src/pb_encode.o
 .text.default_extension_encoder
                0x080087d4       0x24 Middlewares/ST/Application/Validation/Src/pb_encode.o
 .text.encode_extension_field
                0x080087f8       0x2a Middlewares/ST/Application/Validation/Src/pb_encode.o
 .text.pb_encode
                0x08008822       0x58 Middlewares/ST/Application/Validation/Src/pb_encode.o
                0x08008822                pb_encode
 .text.pb_encode_string
                0x0800887a       0x24 Middlewares/ST/Application/Validation/Src/pb_encode.o
                0x0800887a                pb_encode_string
 .text.pb_enc_fixed_length_bytes
                0x0800889e       0x10 Middlewares/ST/Application/Validation/Src/pb_encode.o
 .text.pb_enc_string
                0x080088ae       0x3a Middlewares/ST/Application/Validation/Src/pb_encode.o
 .text.pb_enc_bytes
                0x080088e8       0x40 Middlewares/ST/Application/Validation/Src/pb_encode.o
 .text.pb_encode_submessage
                0x08008928       0xa8 Middlewares/ST/Application/Validation/Src/pb_encode.o
                0x08008928                pb_encode_submessage
 .text.pb_enc_submessage
                0x080089d0       0x20 Middlewares/ST/Application/Validation/Src/pb_encode.o
 .text.MX_X_CUBE_AI_Init
                0x080089f0        0xc Src/app_x-cube-ai.o
                0x080089f0                MX_X_CUBE_AI_Init
 .text.MX_X_CUBE_AI_Process
                0x080089fc        0x8 Src/app_x-cube-ai.o
                0x080089fc                MX_X_CUBE_AI_Process
 .text.ai_mnetwork_find
                0x08008a04       0x78 Src/app_x-cube-ai.o
                0x08008a04                ai_mnetwork_find
 .text.ai_mnetwork_create
                0x08008a7c       0xe8 Src/app_x-cube-ai.o
                0x08008a7c                ai_mnetwork_create
 .text.ai_mnetwork_destroy
                0x08008b64       0x7c Src/app_x-cube-ai.o
                0x08008b64                ai_mnetwork_destroy
 .text.ai_mnetwork_get_info
                0x08008be0       0x50 Src/app_x-cube-ai.o
                0x08008be0                ai_mnetwork_get_info
 .text.ai_mnetwork_get_error
                0x08008c30       0x5c Src/app_x-cube-ai.o
                0x08008c30                ai_mnetwork_get_error
 .text.ai_mnetwork_init
                0x08008c8c       0x9c Src/app_x-cube-ai.o
                0x08008c8c                ai_mnetwork_init
 .text.ai_mnetwork_run
                0x08008d28       0x50 Src/app_x-cube-ai.o
                0x08008d28                ai_mnetwork_run
 .text.ai_mnetwork_get_private_handle
                0x08008d78       0x74 Src/app_x-cube-ai.o
                0x08008d78                ai_mnetwork_get_private_handle
 .text.MX_CRC_Init
                0x08008dec       0x2c Src/crc.o
                0x08008dec                MX_CRC_Init
 .text.HAL_CRC_MspInit
                0x08008e18       0x2c Src/crc.o
                0x08008e18                HAL_CRC_MspInit
 .text.MX_GPIO_Init
                0x08008e44       0x30 Src/gpio.o
                0x08008e44                MX_GPIO_Init
 .text.SystemClock_Config
                0x08008e74       0xa8 Src/main.o
                0x08008e74                SystemClock_Config
 .text.main     0x08008f1c       0x90 Src/main.o
                0x08008f1c                main
 .text.Error_Handler
                0x08008fac        0x2 Src/main.o
                0x08008fac                Error_Handler
 *fill*         0x08008fae        0x2 
 .text.HAL_MspInit
                0x08008fb0       0x30 Src/stm32f7xx_hal_msp.o
                0x08008fb0                HAL_MspInit
 .text.NMI_Handler
                0x08008fe0        0x2 Src/stm32f7xx_it.o
                0x08008fe0                NMI_Handler
 .text.HardFault_Handler
                0x08008fe2        0x2 Src/stm32f7xx_it.o
                0x08008fe2                HardFault_Handler
 .text.MemManage_Handler
                0x08008fe4        0x2 Src/stm32f7xx_it.o
                0x08008fe4                MemManage_Handler
 .text.BusFault_Handler
                0x08008fe6        0x2 Src/stm32f7xx_it.o
                0x08008fe6                BusFault_Handler
 .text.UsageFault_Handler
                0x08008fe8        0x2 Src/stm32f7xx_it.o
                0x08008fe8                UsageFault_Handler
 .text.SVC_Handler
                0x08008fea        0x2 Src/stm32f7xx_it.o
                0x08008fea                SVC_Handler
 .text.DebugMon_Handler
                0x08008fec        0x2 Src/stm32f7xx_it.o
                0x08008fec                DebugMon_Handler
 .text.PendSV_Handler
                0x08008fee        0x2 Src/stm32f7xx_it.o
                0x08008fee                PendSV_Handler
 .text.SysTick_Handler
                0x08008ff0        0x8 Src/stm32f7xx_it.o
                0x08008ff0                SysTick_Handler
 .text.SystemInit
                0x08008ff8       0x50 Src/system_stm32f7xx.o
                0x08008ff8                SystemInit
 .text.MX_USART1_UART_Init
                0x08009048       0x38 Src/usart.o
                0x08009048                MX_USART1_UART_Init
 .text.HAL_UART_MspInit
                0x08009080       0x98 Src/usart.o
                0x08009080                HAL_UART_MspInit
 .text.Reset_Handler
                0x08009118       0x50 startup/startup_stm32f746xx.o
                0x08009118                Reset_Handler
 .text.Default_Handler
                0x08009168        0x2 startup/startup_stm32f746xx.o
                0x08009168                RTC_Alarm_IRQHandler
                0x08009168                EXTI2_IRQHandler
                0x08009168                TIM8_CC_IRQHandler
                0x08009168                UART8_IRQHandler
                0x08009168                SPI4_IRQHandler
                0x08009168                TIM1_CC_IRQHandler
                0x08009168                DMA2_Stream5_IRQHandler
                0x08009168                DMA1_Stream5_IRQHandler
                0x08009168                PVD_IRQHandler
                0x08009168                TAMP_STAMP_IRQHandler
                0x08009168                CAN2_RX1_IRQHandler
                0x08009168                EXTI3_IRQHandler
                0x08009168                TIM8_TRG_COM_TIM14_IRQHandler
                0x08009168                TIM1_UP_TIM10_IRQHandler
                0x08009168                TIM8_UP_TIM13_IRQHandler
                0x08009168                I2C3_ER_IRQHandler
                0x08009168                EXTI0_IRQHandler
                0x08009168                I2C2_EV_IRQHandler
                0x08009168                DMA1_Stream2_IRQHandler
                0x08009168                CAN1_RX0_IRQHandler
                0x08009168                FPU_IRQHandler
                0x08009168                OTG_HS_WKUP_IRQHandler
                0x08009168                LTDC_ER_IRQHandler
                0x08009168                CAN2_SCE_IRQHandler
                0x08009168                DMA2_Stream2_IRQHandler
                0x08009168                SPI1_IRQHandler
                0x08009168                TIM6_DAC_IRQHandler
                0x08009168                TIM1_BRK_TIM9_IRQHandler
                0x08009168                DCMI_IRQHandler
                0x08009168                CAN2_RX0_IRQHandler
                0x08009168                DMA2_Stream3_IRQHandler
                0x08009168                SAI2_IRQHandler
                0x08009168                USART6_IRQHandler
                0x08009168                USART3_IRQHandler
                0x08009168                CAN1_RX1_IRQHandler
                0x08009168                UART5_IRQHandler
                0x08009168                DMA2_Stream0_IRQHandler
                0x08009168                TIM4_IRQHandler
                0x08009168                QUADSPI_IRQHandler
                0x08009168                I2C1_EV_IRQHandler
                0x08009168                DMA1_Stream6_IRQHandler
                0x08009168                DMA1_Stream1_IRQHandler
                0x08009168                UART4_IRQHandler
                0x08009168                TIM3_IRQHandler
                0x08009168                RCC_IRQHandler
                0x08009168                TIM8_BRK_TIM12_IRQHandler
                0x08009168                Default_Handler
                0x08009168                CEC_IRQHandler
                0x08009168                EXTI15_10_IRQHandler
                0x08009168                ADC_IRQHandler
                0x08009168                DMA1_Stream7_IRQHandler
                0x08009168                SPI5_IRQHandler
                0x08009168                TIM7_IRQHandler
                0x08009168                SDMMC1_IRQHandler
                0x08009168                CAN2_TX_IRQHandler
                0x08009168                TIM5_IRQHandler
                0x08009168                DMA2_Stream7_IRQHandler
                0x08009168                I2C3_EV_IRQHandler
                0x08009168                EXTI9_5_IRQHandler
                0x08009168                RTC_WKUP_IRQHandler
                0x08009168                LTDC_IRQHandler
                0x08009168                ETH_WKUP_IRQHandler
                0x08009168                SPDIF_RX_IRQHandler
                0x08009168                SPI2_IRQHandler
                0x08009168                OTG_HS_EP1_IN_IRQHandler
                0x08009168                DMA1_Stream0_IRQHandler
                0x08009168                CAN1_TX_IRQHandler
                0x08009168                EXTI4_IRQHandler
                0x08009168                RNG_IRQHandler
                0x08009168                ETH_IRQHandler
                0x08009168                OTG_HS_EP1_OUT_IRQHandler
                0x08009168                WWDG_IRQHandler
                0x08009168                SPI6_IRQHandler
                0x08009168                I2C4_EV_IRQHandler
                0x08009168                TIM2_IRQHandler
                0x08009168                OTG_FS_WKUP_IRQHandler
                0x08009168                TIM1_TRG_COM_TIM11_IRQHandler
                0x08009168                OTG_HS_IRQHandler
                0x08009168                DMA2D_IRQHandler
                0x08009168                EXTI1_IRQHandler
                0x08009168                UART7_IRQHandler
                0x08009168                USART2_IRQHandler
                0x08009168                I2C2_ER_IRQHandler
                0x08009168                DMA2_Stream1_IRQHandler
                0x08009168                CAN1_SCE_IRQHandler
                0x08009168                FLASH_IRQHandler
                0x08009168                DMA2_Stream4_IRQHandler
                0x08009168                USART1_IRQHandler
                0x08009168                OTG_FS_IRQHandler
                0x08009168                SPI3_IRQHandler
                0x08009168                DMA1_Stream4_IRQHandler
                0x08009168                I2C1_ER_IRQHandler
                0x08009168                FMC_IRQHandler
                0x08009168                LPTIM1_IRQHandler
                0x08009168                I2C4_ER_IRQHandler
                0x08009168                DMA2_Stream6_IRQHandler
                0x08009168                SAI1_IRQHandler
                0x08009168                DMA1_Stream3_IRQHandler
 *fill*         0x0800916a        0x2 
 .text.tanhf    0x0800916c       0xb8 c:/ac6/systemworkbench/plugins/fr.ac6.mcu.externaltools.arm-none.win32_1.15.0.201708311556/tools/compiler/bin/../lib/gcc/arm-none-eabi/6.3.1/../../../../arm-none-eabi/lib/thumb/v7e-m/fpv5-sp/hard\libm.a(lib_a-sf_tanh.o)
                0x0800916c                tanhf
 .text.expf     0x08009224       0xfc c:/ac6/systemworkbench/plugins/fr.ac6.mcu.externaltools.arm-none.win32_1.15.0.201708311556/tools/compiler/bin/../lib/gcc/arm-none-eabi/6.3.1/../../../../arm-none-eabi/lib/thumb/v7e-m/fpv5-sp/hard\libm.a(lib_a-wf_exp.o)
                0x08009224                expf
 .text.powf     0x08009320      0x328 c:/ac6/systemworkbench/plugins/fr.ac6.mcu.externaltools.arm-none.win32_1.15.0.201708311556/tools/compiler/bin/../lib/gcc/arm-none-eabi/6.3.1/../../../../arm-none-eabi/lib/thumb/v7e-m/fpv5-sp/hard\libm.a(lib_a-wf_pow.o)
                0x08009320                powf
 .text.__ieee754_expf
                0x08009648      0x1b0 c:/ac6/systemworkbench/plugins/fr.ac6.mcu.externaltools.arm-none.win32_1.15.0.201708311556/tools/compiler/bin/../lib/gcc/arm-none-eabi/6.3.1/../../../../arm-none-eabi/lib/thumb/v7e-m/fpv5-sp/hard\libm.a(lib_a-ef_exp.o)
                0x08009648                __ieee754_expf
 .text.__ieee754_powf
                0x080097f8      0x5f0 c:/ac6/systemworkbench/plugins/fr.ac6.mcu.externaltools.arm-none.win32_1.15.0.201708311556/tools/compiler/bin/../lib/gcc/arm-none-eabi/6.3.1/../../../../arm-none-eabi/lib/thumb/v7e-m/fpv5-sp/hard\libm.a(lib_a-ef_pow.o)
                0x080097f8                __ieee754_powf
 .text.__ieee754_sqrtf
                0x08009de8        0x8 c:/ac6/systemworkbench/plugins/fr.ac6.mcu.externaltools.arm-none.win32_1.15.0.201708311556/tools/compiler/bin/../lib/gcc/arm-none-eabi/6.3.1/../../../../arm-none-eabi/lib/thumb/v7e-m/fpv5-sp/hard\libm.a(lib_a-ef_sqrt.o)
                0x08009de8                __ieee754_sqrtf
 .text.matherr  0x08009df0        0x4 c:/ac6/systemworkbench/plugins/fr.ac6.mcu.externaltools.arm-none.win32_1.15.0.201708311556/tools/compiler/bin/../lib/gcc/arm-none-eabi/6.3.1/../../../../arm-none-eabi/lib/thumb/v7e-m/fpv5-sp/hard\libm.a(lib_a-s_matherr.o)
                0x08009df0                matherr
 .text.rint     0x08009df4      0x124 c:/ac6/systemworkbench/plugins/fr.ac6.mcu.externaltools.arm-none.win32_1.15.0.201708311556/tools/compiler/bin/../lib/gcc/arm-none-eabi/6.3.1/../../../../arm-none-eabi/lib/thumb/v7e-m/fpv5-sp/hard\libm.a(lib_a-s_rint.o)
                0x08009df4                rint
 .text.expm1f   0x08009f18      0x274 c:/ac6/systemworkbench/plugins/fr.ac6.mcu.externaltools.arm-none.win32_1.15.0.201708311556/tools/compiler/bin/../lib/gcc/arm-none-eabi/6.3.1/../../../../arm-none-eabi/lib/thumb/v7e-m/fpv5-sp/hard\libm.a(lib_a-sf_expm1.o)
                0x08009f18                expm1f
 .text.fabsf    0x0800a18c       0x10 c:/ac6/systemworkbench/plugins/fr.ac6.mcu.externaltools.arm-none.win32_1.15.0.201708311556/tools/compiler/bin/../lib/gcc/arm-none-eabi/6.3.1/../../../../arm-none-eabi/lib/thumb/v7e-m/fpv5-sp/hard\libm.a(lib_a-sf_fabs.o)
                0x0800a18c                fabsf
 .text.finitef  0x0800a19c       0x14 c:/ac6/systemworkbench/plugins/fr.ac6.mcu.externaltools.arm-none.win32_1.15.0.201708311556/tools/compiler/bin/../lib/gcc/arm-none-eabi/6.3.1/../../../../arm-none-eabi/lib/thumb/v7e-m/fpv5-sp/hard\libm.a(lib_a-sf_finite.o)
                0x0800a19c                finitef
 .text.nanf     0x0800a1b0        0xc c:/ac6/systemworkbench/plugins/fr.ac6.mcu.externaltools.arm-none.win32_1.15.0.201708311556/tools/compiler/bin/../lib/gcc/arm-none-eabi/6.3.1/../../../../arm-none-eabi/lib/thumb/v7e-m/fpv5-sp/hard\libm.a(lib_a-sf_nan.o)
                0x0800a1b0                nanf
 .text.scalbnf  0x0800a1bc       0xd0 c:/ac6/systemworkbench/plugins/fr.ac6.mcu.externaltools.arm-none.win32_1.15.0.201708311556/tools/compiler/bin/../lib/gcc/arm-none-eabi/6.3.1/../../../../arm-none-eabi/lib/thumb/v7e-m/fpv5-sp/hard\libm.a(lib_a-sf_scalbn.o)
                0x0800a1bc                scalbnf
 .text.copysignf
                0x0800a28c       0x18 c:/ac6/systemworkbench/plugins/fr.ac6.mcu.externaltools.arm-none.win32_1.15.0.201708311556/tools/compiler/bin/../lib/gcc/arm-none-eabi/6.3.1/../../../../arm-none-eabi/lib/thumb/v7e-m/fpv5-sp/hard\libm.a(lib_a-sf_copysign.o)
                0x0800a28c                copysignf
 .text.__aeabi_memcpy
                0x0800a2a4        0x4 c:/ac6/systemworkbench/plugins/fr.ac6.mcu.externaltools.arm-none.win32_1.15.0.201708311556/tools/compiler/bin/../lib/gcc/arm-none-eabi/6.3.1/../../../../arm-none-eabi/lib/thumb/v7e-m/fpv5-sp/hard\libc_nano.a(lib_a-aeabi_memcpy.o)
                0x0800a2a4                __aeabi_memcpy4
                0x0800a2a4                __aeabi_memcpy8
                0x0800a2a4                __aeabi_memcpy
 .text.__errno  0x0800a2a8        0xc c:/ac6/systemworkbench/plugins/fr.ac6.mcu.externaltools.arm-none.win32_1.15.0.201708311556/tools/compiler/bin/../lib/gcc/arm-none-eabi/6.3.1/../../../../arm-none-eabi/lib/thumb/v7e-m/fpv5-sp/hard\libc_nano.a(lib_a-errno.o)
                0x0800a2a8                __errno
 .text.__libc_init_array
                0x0800a2b4       0x48 c:/ac6/systemworkbench/plugins/fr.ac6.mcu.externaltools.arm-none.win32_1.15.0.201708311556/tools/compiler/bin/../lib/gcc/arm-none-eabi/6.3.1/../../../../arm-none-eabi/lib/thumb/v7e-m/fpv5-sp/hard\libc_nano.a(lib_a-init.o)
                0x0800a2b4                __libc_init_array
 .text.malloc   0x0800a2fc       0x10 c:/ac6/systemworkbench/plugins/fr.ac6.mcu.externaltools.arm-none.win32_1.15.0.201708311556/tools/compiler/bin/../lib/gcc/arm-none-eabi/6.3.1/../../../../arm-none-eabi/lib/thumb/v7e-m/fpv5-sp/hard\libc_nano.a(lib_a-malloc.o)
                0x0800a2fc                malloc
 .text.free     0x0800a30c       0x10 c:/ac6/systemworkbench/plugins/fr.ac6.mcu.externaltools.arm-none.win32_1.15.0.201708311556/tools/compiler/bin/../lib/gcc/arm-none-eabi/6.3.1/../../../../arm-none-eabi/lib/thumb/v7e-m/fpv5-sp/hard\libc_nano.a(lib_a-malloc.o)
                0x0800a30c                free
 .text.memcmp   0x0800a31c       0x1e c:/ac6/systemworkbench/plugins/fr.ac6.mcu.externaltools.arm-none.win32_1.15.0.201708311556/tools/compiler/bin/../lib/gcc/arm-none-eabi/6.3.1/../../../../arm-none-eabi/lib/thumb/v7e-m/fpv5-sp/hard\libc_nano.a(lib_a-memcmp.o)
                0x0800a31c                memcmp
 .text.memcpy   0x0800a33a       0x16 c:/ac6/systemworkbench/plugins/fr.ac6.mcu.externaltools.arm-none.win32_1.15.0.201708311556/tools/compiler/bin/../lib/gcc/arm-none-eabi/6.3.1/../../../../arm-none-eabi/lib/thumb/v7e-m/fpv5-sp/hard\libc_nano.a(lib_a-memcpy-stub.o)
                0x0800a33a                memcpy
 .text.memset   0x0800a350       0x10 c:/ac6/systemworkbench/plugins/fr.ac6.mcu.externaltools.arm-none.win32_1.15.0.201708311556/tools/compiler/bin/../lib/gcc/arm-none-eabi/6.3.1/../../../../arm-none-eabi/lib/thumb/v7e-m/fpv5-sp/hard\libc_nano.a(lib_a-memset.o)
                0x0800a350                memset
 .text._free_r  0x0800a360       0x9c c:/ac6/systemworkbench/plugins/fr.ac6.mcu.externaltools.arm-none.win32_1.15.0.201708311556/tools/compiler/bin/../lib/gcc/arm-none-eabi/6.3.1/../../../../arm-none-eabi/lib/thumb/v7e-m/fpv5-sp/hard\libc_nano.a(lib_a-nano-freer.o)
                0x0800a360                _free_r
 .text._malloc_r
                0x0800a3fc       0xbc c:/ac6/systemworkbench/plugins/fr.ac6.mcu.externaltools.arm-none.win32_1.15.0.201708311556/tools/compiler/bin/../lib/gcc/arm-none-eabi/6.3.1/../../../../arm-none-eabi/lib/thumb/v7e-m/fpv5-sp/hard\libc_nano.a(lib_a-nano-mallocr.o)
                0x0800a3fc                _malloc_r
 .text.printf   0x0800a4b8       0x30 c:/ac6/systemworkbench/plugins/fr.ac6.mcu.externaltools.arm-none.win32_1.15.0.201708311556/tools/compiler/bin/../lib/gcc/arm-none-eabi/6.3.1/../../../../arm-none-eabi/lib/thumb/v7e-m/fpv5-sp/hard\libc_nano.a(lib_a-printf.o)
                0x0800a4b8                iprintf
                0x0800a4b8                printf
 .text._puts_r  0x0800a4e8       0xb8 c:/ac6/systemworkbench/plugins/fr.ac6.mcu.externaltools.arm-none.win32_1.15.0.201708311556/tools/compiler/bin/../lib/gcc/arm-none-eabi/6.3.1/../../../../arm-none-eabi/lib/thumb/v7e-m/fpv5-sp/hard\libc_nano.a(lib_a-puts.o)
                0x0800a4e8                _puts_r
 .text.puts     0x0800a5a0       0x10 c:/ac6/systemworkbench/plugins/fr.ac6.mcu.externaltools.arm-none.win32_1.15.0.201708311556/tools/compiler/bin/../lib/gcc/arm-none-eabi/6.3.1/../../../../arm-none-eabi/lib/thumb/v7e-m/fpv5-sp/hard\libc_nano.a(lib_a-puts.o)
                0x0800a5a0                puts
 .text._sbrk_r  0x0800a5b0       0x20 c:/ac6/systemworkbench/plugins/fr.ac6.mcu.externaltools.arm-none.win32_1.15.0.201708311556/tools/compiler/bin/../lib/gcc/arm-none-eabi/6.3.1/../../../../arm-none-eabi/lib/thumb/v7e-m/fpv5-sp/hard\libc_nano.a(lib_a-sbrkr.o)
                0x0800a5b0                _sbrk_r
 .text.strncmp  0x0800a5d0       0x24 c:/ac6/systemworkbench/plugins/fr.ac6.mcu.externaltools.arm-none.win32_1.15.0.201708311556/tools/compiler/bin/../lib/gcc/arm-none-eabi/6.3.1/../../../../arm-none-eabi/lib/thumb/v7e-m/fpv5-sp/hard\libc_nano.a(lib_a-strncmp.o)
                0x0800a5d0                strncmp
 .text.__swbuf_r
                0x0800a5f4       0xa4 c:/ac6/systemworkbench/plugins/fr.ac6.mcu.externaltools.arm-none.win32_1.15.0.201708311556/tools/compiler/bin/../lib/gcc/arm-none-eabi/6.3.1/../../../../arm-none-eabi/lib/thumb/v7e-m/fpv5-sp/hard\libc_nano.a(lib_a-wbuf.o)
                0x0800a5f4                __swbuf_r
 .text.__swsetup_r
                0x0800a698       0xdc c:/ac6/systemworkbench/plugins/fr.ac6.mcu.externaltools.arm-none.win32_1.15.0.201708311556/tools/compiler/bin/../lib/gcc/arm-none-eabi/6.3.1/../../../../arm-none-eabi/lib/thumb/v7e-m/fpv5-sp/hard\libc_nano.a(lib_a-wsetup.o)
                0x0800a698                __swsetup_r
 .text.__sflush_r
                0x0800a774      0x110 c:/ac6/systemworkbench/plugins/fr.ac6.mcu.externaltools.arm-none.win32_1.15.0.201708311556/tools/compiler/bin/../lib/gcc/arm-none-eabi/6.3.1/../../../../arm-none-eabi/lib/thumb/v7e-m/fpv5-sp/hard\libc_nano.a(lib_a-fflush.o)
                0x0800a774                __sflush_r
 .text._fflush_r
                0x0800a884       0x54 c:/ac6/systemworkbench/plugins/fr.ac6.mcu.externaltools.arm-none.win32_1.15.0.201708311556/tools/compiler/bin/../lib/gcc/arm-none-eabi/6.3.1/../../../../arm-none-eabi/lib/thumb/v7e-m/fpv5-sp/hard\libc_nano.a(lib_a-fflush.o)
                0x0800a884                _fflush_r
 .text._cleanup_r
                0x0800a8d8        0xc c:/ac6/systemworkbench/plugins/fr.ac6.mcu.externaltools.arm-none.win32_1.15.0.201708311556/tools/compiler/bin/../lib/gcc/arm-none-eabi/6.3.1/../../../../arm-none-eabi/lib/thumb/v7e-m/fpv5-sp/hard\libc_nano.a(lib_a-findfp.o)
                0x0800a8d8                _cleanup_r
 .text.std.isra.0
                0x0800a8e4       0x48 c:/ac6/systemworkbench/plugins/fr.ac6.mcu.externaltools.arm-none.win32_1.15.0.201708311556/tools/compiler/bin/../lib/gcc/arm-none-eabi/6.3.1/../../../../arm-none-eabi/lib/thumb/v7e-m/fpv5-sp/hard\libc_nano.a(lib_a-findfp.o)
 .text.__sfmoreglue
                0x0800a92c       0x2c c:/ac6/systemworkbench/plugins/fr.ac6.mcu.externaltools.arm-none.win32_1.15.0.201708311556/tools/compiler/bin/../lib/gcc/arm-none-eabi/6.3.1/../../../../arm-none-eabi/lib/thumb/v7e-m/fpv5-sp/hard\libc_nano.a(lib_a-findfp.o)
                0x0800a92c                __sfmoreglue
 .text.__sinit  0x0800a958       0x60 c:/ac6/systemworkbench/plugins/fr.ac6.mcu.externaltools.arm-none.win32_1.15.0.201708311556/tools/compiler/bin/../lib/gcc/arm-none-eabi/6.3.1/../../../../arm-none-eabi/lib/thumb/v7e-m/fpv5-sp/hard\libc_nano.a(lib_a-findfp.o)
                0x0800a958                __sinit
 .text.__sfp    0x0800a9b8       0x78 c:/ac6/systemworkbench/plugins/fr.ac6.mcu.externaltools.arm-none.win32_1.15.0.201708311556/tools/compiler/bin/../lib/gcc/arm-none-eabi/6.3.1/../../../../arm-none-eabi/lib/thumb/v7e-m/fpv5-sp/hard\libc_nano.a(lib_a-findfp.o)
                0x0800a9b8                __sfp
 .text._fwalk_reent
                0x0800aa30       0x3c c:/ac6/systemworkbench/plugins/fr.ac6.mcu.externaltools.arm-none.win32_1.15.0.201708311556/tools/compiler/bin/../lib/gcc/arm-none-eabi/6.3.1/../../../../arm-none-eabi/lib/thumb/v7e-m/fpv5-sp/hard\libc_nano.a(lib_a-fwalk.o)
                0x0800aa30                _fwalk_reent
 .text.__swhatbuf_r
                0x0800aa6c       0x48 c:/ac6/systemworkbench/plugins/fr.ac6.mcu.externaltools.arm-none.win32_1.15.0.201708311556/tools/compiler/bin/../lib/gcc/arm-none-eabi/6.3.1/../../../../arm-none-eabi/lib/thumb/v7e-m/fpv5-sp/hard\libc_nano.a(lib_a-makebuf.o)
                0x0800aa6c                __swhatbuf_r
 .text.__smakebuf_r
                0x0800aab4       0x80 c:/ac6/systemworkbench/plugins/fr.ac6.mcu.externaltools.arm-none.win32_1.15.0.201708311556/tools/compiler/bin/../lib/gcc/arm-none-eabi/6.3.1/../../../../arm-none-eabi/lib/thumb/v7e-m/fpv5-sp/hard\libc_nano.a(lib_a-makebuf.o)
                0x0800aab4                __smakebuf_r
 .text.__malloc_lock
                0x0800ab34        0x2 c:/ac6/systemworkbench/plugins/fr.ac6.mcu.externaltools.arm-none.win32_1.15.0.201708311556/tools/compiler/bin/../lib/gcc/arm-none-eabi/6.3.1/../../../../arm-none-eabi/lib/thumb/v7e-m/fpv5-sp/hard\libc_nano.a(lib_a-mlock.o)
                0x0800ab34                __malloc_lock
 .text.__malloc_unlock
                0x0800ab36        0x2 c:/ac6/systemworkbench/plugins/fr.ac6.mcu.externaltools.arm-none.win32_1.15.0.201708311556/tools/compiler/bin/../lib/gcc/arm-none-eabi/6.3.1/../../../../arm-none-eabi/lib/thumb/v7e-m/fpv5-sp/hard\libc_nano.a(lib_a-mlock.o)
                0x0800ab36                __malloc_unlock
 .text.__sfputc_r
                0x0800ab38       0x30 c:/ac6/systemworkbench/plugins/fr.ac6.mcu.externaltools.arm-none.win32_1.15.0.201708311556/tools/compiler/bin/../lib/gcc/arm-none-eabi/6.3.1/../../../../arm-none-eabi/lib/thumb/v7e-m/fpv5-sp/hard\libc_nano.a(lib_a-nano-vfprintf.o)
 .text.__sfputs_r
                0x0800ab68       0x24 c:/ac6/systemworkbench/plugins/fr.ac6.mcu.externaltools.arm-none.win32_1.15.0.201708311556/tools/compiler/bin/../lib/gcc/arm-none-eabi/6.3.1/../../../../arm-none-eabi/lib/thumb/v7e-m/fpv5-sp/hard\libc_nano.a(lib_a-nano-vfprintf.o)
                0x0800ab68                __sfputs_r
 .text._vfprintf_r
                0x0800ab8c      0x22c c:/ac6/systemworkbench/plugins/fr.ac6.mcu.externaltools.arm-none.win32_1.15.0.201708311556/tools/compiler/bin/../lib/gcc/arm-none-eabi/6.3.1/../../../../arm-none-eabi/lib/thumb/v7e-m/fpv5-sp/hard\libc_nano.a(lib_a-nano-vfprintf.o)
                0x0800ab8c                _vfprintf_r
                0x0800ab8c                _vfiprintf_r
 .text._printf_common
                0x0800adb8       0xec c:/ac6/systemworkbench/plugins/fr.ac6.mcu.externaltools.arm-none.win32_1.15.0.201708311556/tools/compiler/bin/../lib/gcc/arm-none-eabi/6.3.1/../../../../arm-none-eabi/lib/thumb/v7e-m/fpv5-sp/hard\libc_nano.a(lib_a-nano-vfprintf_i.o)
                0x0800adb8                _printf_common
 .text._printf_i
                0x0800aea4      0x240 c:/ac6/systemworkbench/plugins/fr.ac6.mcu.externaltools.arm-none.win32_1.15.0.201708311556/tools/compiler/bin/../lib/gcc/arm-none-eabi/6.3.1/../../../../arm-none-eabi/lib/thumb/v7e-m/fpv5-sp/hard\libc_nano.a(lib_a-nano-vfprintf_i.o)
                0x0800aea4                _printf_i
 .text.__sread  0x0800b0e4       0x22 c:/ac6/systemworkbench/plugins/fr.ac6.mcu.externaltools.arm-none.win32_1.15.0.201708311556/tools/compiler/bin/../lib/gcc/arm-none-eabi/6.3.1/../../../../arm-none-eabi/lib/thumb/v7e-m/fpv5-sp/hard\libc_nano.a(lib_a-stdio.o)
                0x0800b0e4                __sread
 .text.__swrite
                0x0800b106       0x38 c:/ac6/systemworkbench/plugins/fr.ac6.mcu.externaltools.arm-none.win32_1.15.0.201708311556/tools/compiler/bin/../lib/gcc/arm-none-eabi/6.3.1/../../../../arm-none-eabi/lib/thumb/v7e-m/fpv5-sp/hard\libc_nano.a(lib_a-stdio.o)
                0x0800b106                __swrite
 .text.__sseek  0x0800b13e       0x24 c:/ac6/systemworkbench/plugins/fr.ac6.mcu.externaltools.arm-none.win32_1.15.0.201708311556/tools/compiler/bin/../lib/gcc/arm-none-eabi/6.3.1/../../../../arm-none-eabi/lib/thumb/v7e-m/fpv5-sp/hard\libc_nano.a(lib_a-stdio.o)
                0x0800b13e                __sseek
 .text.__sclose
                0x0800b162        0x8 c:/ac6/systemworkbench/plugins/fr.ac6.mcu.externaltools.arm-none.win32_1.15.0.201708311556/tools/compiler/bin/../lib/gcc/arm-none-eabi/6.3.1/../../../../arm-none-eabi/lib/thumb/v7e-m/fpv5-sp/hard\libc_nano.a(lib_a-stdio.o)
                0x0800b162                __sclose
 *fill*         0x0800b16a        0x2 
 .text._write_r
                0x0800b16c       0x24 c:/ac6/systemworkbench/plugins/fr.ac6.mcu.externaltools.arm-none.win32_1.15.0.201708311556/tools/compiler/bin/../lib/gcc/arm-none-eabi/6.3.1/../../../../arm-none-eabi/lib/thumb/v7e-m/fpv5-sp/hard\libc_nano.a(lib_a-writer.o)
                0x0800b16c                _write_r
 .text._close_r
                0x0800b190       0x20 c:/ac6/systemworkbench/plugins/fr.ac6.mcu.externaltools.arm-none.win32_1.15.0.201708311556/tools/compiler/bin/../lib/gcc/arm-none-eabi/6.3.1/../../../../arm-none-eabi/lib/thumb/v7e-m/fpv5-sp/hard\libc_nano.a(lib_a-closer.o)
                0x0800b190                _close_r
 .text._fstat_r
                0x0800b1b0       0x24 c:/ac6/systemworkbench/plugins/fr.ac6.mcu.externaltools.arm-none.win32_1.15.0.201708311556/tools/compiler/bin/../lib/gcc/arm-none-eabi/6.3.1/../../../../arm-none-eabi/lib/thumb/v7e-m/fpv5-sp/hard\libc_nano.a(lib_a-fstatr.o)
                0x0800b1b0                _fstat_r
 .text._isatty_r
                0x0800b1d4       0x20 c:/ac6/systemworkbench/plugins/fr.ac6.mcu.externaltools.arm-none.win32_1.15.0.201708311556/tools/compiler/bin/../lib/gcc/arm-none-eabi/6.3.1/../../../../arm-none-eabi/lib/thumb/v7e-m/fpv5-sp/hard\libc_nano.a(lib_a-isattyr.o)
                0x0800b1d4                _isatty_r
 .text._lseek_r
                0x0800b1f4       0x24 c:/ac6/systemworkbench/plugins/fr.ac6.mcu.externaltools.arm-none.win32_1.15.0.201708311556/tools/compiler/bin/../lib/gcc/arm-none-eabi/6.3.1/../../../../arm-none-eabi/lib/thumb/v7e-m/fpv5-sp/hard\libc_nano.a(lib_a-lseekr.o)
                0x0800b1f4                _lseek_r
 .text._read_r  0x0800b218       0x24 c:/ac6/systemworkbench/plugins/fr.ac6.mcu.externaltools.arm-none.win32_1.15.0.201708311556/tools/compiler/bin/../lib/gcc/arm-none-eabi/6.3.1/../../../../arm-none-eabi/lib/thumb/v7e-m/fpv5-sp/hard\libc_nano.a(lib_a-readr.o)
                0x0800b218                _read_r
 .text._close   0x0800b23c       0x10 c:/ac6/systemworkbench/plugins/fr.ac6.mcu.externaltools.arm-none.win32_1.15.0.201708311556/tools/compiler/bin/../lib/gcc/arm-none-eabi/6.3.1/../../../../arm-none-eabi/lib/thumb/v7e-m/fpv5-sp/hard\libnosys.a(close.o)
                0x0800b23c                _close
 .text._fstat   0x0800b24c       0x10 c:/ac6/systemworkbench/plugins/fr.ac6.mcu.externaltools.arm-none.win32_1.15.0.201708311556/tools/compiler/bin/../lib/gcc/arm-none-eabi/6.3.1/../../../../arm-none-eabi/lib/thumb/v7e-m/fpv5-sp/hard\libnosys.a(fstat.o)
                0x0800b24c                _fstat
 .text._isatty  0x0800b25c       0x10 c:/ac6/systemworkbench/plugins/fr.ac6.mcu.externaltools.arm-none.win32_1.15.0.201708311556/tools/compiler/bin/../lib/gcc/arm-none-eabi/6.3.1/../../../../arm-none-eabi/lib/thumb/v7e-m/fpv5-sp/hard\libnosys.a(isatty.o)
                0x0800b25c                _isatty
 .text._lseek   0x0800b26c       0x10 c:/ac6/systemworkbench/plugins/fr.ac6.mcu.externaltools.arm-none.win32_1.15.0.201708311556/tools/compiler/bin/../lib/gcc/arm-none-eabi/6.3.1/../../../../arm-none-eabi/lib/thumb/v7e-m/fpv5-sp/hard\libnosys.a(lseek.o)
                0x0800b26c                _lseek
 .text._read    0x0800b27c       0x10 c:/ac6/systemworkbench/plugins/fr.ac6.mcu.externaltools.arm-none.win32_1.15.0.201708311556/tools/compiler/bin/../lib/gcc/arm-none-eabi/6.3.1/../../../../arm-none-eabi/lib/thumb/v7e-m/fpv5-sp/hard\libnosys.a(read.o)
                0x0800b27c                _read
 .text._sbrk    0x0800b28c       0x1c c:/ac6/systemworkbench/plugins/fr.ac6.mcu.externaltools.arm-none.win32_1.15.0.201708311556/tools/compiler/bin/../lib/gcc/arm-none-eabi/6.3.1/../../../../arm-none-eabi/lib/thumb/v7e-m/fpv5-sp/hard\libnosys.a(sbrk.o)
                0x0800b28c                _sbrk
 *(.glue_7)
 .glue_7        0x0800b2a8        0x0 linker stubs
 *(.glue_7t)
 .glue_7t       0x0800b2a8        0x0 linker stubs
 *(.eh_frame)
 .eh_frame      0x0800b2a8        0x0 c:/ac6/systemworkbench/plugins/fr.ac6.mcu.externaltools.arm-none.win32_1.15.0.201708311556/tools/compiler/bin/../lib/gcc/arm-none-eabi/6.3.1/thumb/v7e-m/fpv5-sp/hard/crtbegin.o
 *(.init)
 .init          0x0800b2a8        0x4 c:/ac6/systemworkbench/plugins/fr.ac6.mcu.externaltools.arm-none.win32_1.15.0.201708311556/tools/compiler/bin/../lib/gcc/arm-none-eabi/6.3.1/thumb/v7e-m/fpv5-sp/hard/crti.o
                0x0800b2a8                _init
 .init          0x0800b2ac        0x8 c:/ac6/systemworkbench/plugins/fr.ac6.mcu.externaltools.arm-none.win32_1.15.0.201708311556/tools/compiler/bin/../lib/gcc/arm-none-eabi/6.3.1/thumb/v7e-m/fpv5-sp/hard/crtn.o
 *(.fini)
 .fini          0x0800b2b4        0x4 c:/ac6/systemworkbench/plugins/fr.ac6.mcu.externaltools.arm-none.win32_1.15.0.201708311556/tools/compiler/bin/../lib/gcc/arm-none-eabi/6.3.1/thumb/v7e-m/fpv5-sp/hard/crti.o
                0x0800b2b4                _fini
 .fini          0x0800b2b8        0x8 c:/ac6/systemworkbench/plugins/fr.ac6.mcu.externaltools.arm-none.win32_1.15.0.201708311556/tools/compiler/bin/../lib/gcc/arm-none-eabi/6.3.1/thumb/v7e-m/fpv5-sp/hard/crtn.o
                0x0800b2c0                . = ALIGN (0x4)
                0x0800b2c0                _etext = .

.vfp11_veneer   0x0800b2c0        0x0
 .vfp11_veneer  0x0800b2c0        0x0 linker stubs

.v4_bx          0x0800b2c0        0x0
 .v4_bx         0x0800b2c0        0x0 linker stubs

.iplt           0x0800b2c0        0x0
 .iplt          0x0800b2c0        0x0 c:/ac6/systemworkbench/plugins/fr.ac6.mcu.externaltools.arm-none.win32_1.15.0.201708311556/tools/compiler/bin/../lib/gcc/arm-none-eabi/6.3.1/thumb/v7e-m/fpv5-sp/hard/crtbegin.o

.rodata         0x0800b2c0    0xc2e20
                0x0800b2c0                . = ALIGN (0x4)
 *(.rodata)
 .rodata        0x0800b2c0    0xc1e18 Middlewares/ST/AI/AI/data/network_data.o
 .rodata        0x080cd0d8       0x1c Middlewares/ST/AI/AI/src/network.o
 .rodata        0x080cd0f4       0x30 Middlewares/ST/Application/Validation/Src/aiValidation.o
 .rodata        0x080cd124       0x28 Middlewares/ST/Application/Validation/Src/pb_decode.o
 .rodata        0x080cd14c       0x28 Middlewares/ST/Application/Validation/Src/pb_encode.o
 .rodata        0x080cd174      0x4c6 Middlewares/ST/Application/Validation/Src/stm32msg.pb.o
                0x080cd174                respMsg_fields
                0x080cd20c                layerMsg_fields
                0x080cd258                logMsg_fields
                0x080cd288                ackMsg_fields
                0x080cd2a8                sysinfoMsg_fields
                0x080cd2f4                syncMsg_fields
                0x080cd324                aiBufferMsg2_fields
                0x080cd39c                aiBufferU16_fields
                0x080cd3bc                aiBufferFloat32_fields
                0x080cd3dc                aiBufferMsg_fields
                0x080cd448                aiNetworkInfoMsg_fields
                0x080cd584                aiRunReportMsg_fields
                0x080cd5e0                reqMsg_fields
                0x080cd62c                aiBufferMsg2_n_batches_default
                0x080cd630                aiBufferMsg2_format_default
                0x080cd634                aiBufferMsg_n_batches_default
                0x080cd638                aiBufferMsg_format_default
                0x080cd639                reqMsg_cmd_default
 *fill*         0x080cd63a        0x2 
 .rodata        0x080cd63c       0x48 Src/app_x-cube-ai.o
 .rodata        0x080cd684       0x18 Src/system_stm32f7xx.o
                0x080cd684                AHBPrescTable
                0x080cd694                APBPrescTable
 *(.rodata*)
 .rodata.str1.4
                0x080cd69c       0x67 Middlewares/ST/AI/AI/src/network.o
 *fill*         0x080cd703        0x1 
 .rodata.str1.4
                0x080cd704        0xa Middlewares/ST/Application/Validation/Src/aiPbMgr.o
 *fill*         0x080cd70e        0x2 
 .rodata.str1.4
                0x080cd710      0x4d5 Middlewares/ST/Application/Validation/Src/aiTestUtility.o
 *fill*         0x080cdbe5        0x3 
 .rodata.str1.4
                0x080cdbe8      0x255 Middlewares/ST/Application/Validation/Src/aiValidation.o
                                0x259 (size before relaxing)
 *fill*         0x080cde3d        0x3 
 .rodata.str1.4
                0x080cde40      0x171 Middlewares/ST/Application/Validation/Src/pb_decode.o
 *fill*         0x080cdfb1        0x3 
 .rodata.str1.4
                0x080cdfb4       0x5c Middlewares/ST/Application/Validation/Src/pb_encode.o
                                 0xc1 (size before relaxing)
 .rodata.str1.4
                0x080ce010        0x8 Src/app_x-cube-ai.o
 .rodata.expf.str1.4
                0x080ce010        0x5 c:/ac6/systemworkbench/plugins/fr.ac6.mcu.externaltools.arm-none.win32_1.15.0.201708311556/tools/compiler/bin/../lib/gcc/arm-none-eabi/6.3.1/../../../../arm-none-eabi/lib/thumb/v7e-m/fpv5-sp/hard\libm.a(lib_a-wf_exp.o)
 *fill*         0x080ce015        0x3 
 .rodata.powf.str1.4
                0x080ce018        0x5 c:/ac6/systemworkbench/plugins/fr.ac6.mcu.externaltools.arm-none.win32_1.15.0.201708311556/tools/compiler/bin/../lib/gcc/arm-none-eabi/6.3.1/../../../../arm-none-eabi/lib/thumb/v7e-m/fpv5-sp/hard\libm.a(lib_a-wf_pow.o)
 *fill*         0x080ce01d        0x3 
 .rodata.halF   0x080ce020        0x8 c:/ac6/systemworkbench/plugins/fr.ac6.mcu.externaltools.arm-none.win32_1.15.0.201708311556/tools/compiler/bin/../lib/gcc/arm-none-eabi/6.3.1/../../../../arm-none-eabi/lib/thumb/v7e-m/fpv5-sp/hard\libm.a(lib_a-ef_exp.o)
 .rodata.ln2HI  0x080ce028        0x8 c:/ac6/systemworkbench/plugins/fr.ac6.mcu.externaltools.arm-none.win32_1.15.0.201708311556/tools/compiler/bin/../lib/gcc/arm-none-eabi/6.3.1/../../../../arm-none-eabi/lib/thumb/v7e-m/fpv5-sp/hard\libm.a(lib_a-ef_exp.o)
 .rodata.ln2LO  0x080ce030        0x8 c:/ac6/systemworkbench/plugins/fr.ac6.mcu.externaltools.arm-none.win32_1.15.0.201708311556/tools/compiler/bin/../lib/gcc/arm-none-eabi/6.3.1/../../../../arm-none-eabi/lib/thumb/v7e-m/fpv5-sp/hard\libm.a(lib_a-ef_exp.o)
 .rodata.__ieee754_powf.str1.4
                0x080ce038        0x8 c:/ac6/systemworkbench/plugins/fr.ac6.mcu.externaltools.arm-none.win32_1.15.0.201708311556/tools/compiler/bin/../lib/gcc/arm-none-eabi/6.3.1/../../../../arm-none-eabi/lib/thumb/v7e-m/fpv5-sp/hard\libm.a(lib_a-ef_pow.o)
                                  0x1 (size before relaxing)
 .rodata.TWO52  0x080ce038       0x10 c:/ac6/systemworkbench/plugins/fr.ac6.mcu.externaltools.arm-none.win32_1.15.0.201708311556/tools/compiler/bin/../lib/gcc/arm-none-eabi/6.3.1/../../../../arm-none-eabi/lib/thumb/v7e-m/fpv5-sp/hard\libm.a(lib_a-s_rint.o)
 .rodata._global_impure_ptr
                0x080ce048        0x4 c:/ac6/systemworkbench/plugins/fr.ac6.mcu.externaltools.arm-none.win32_1.15.0.201708311556/tools/compiler/bin/../lib/gcc/arm-none-eabi/6.3.1/../../../../arm-none-eabi/lib/thumb/v7e-m/fpv5-sp/hard\libc_nano.a(lib_a-impure.o)
                0x080ce048                _global_impure_ptr
 .rodata.__sf_fake_stderr
                0x080ce04c       0x20 c:/ac6/systemworkbench/plugins/fr.ac6.mcu.externaltools.arm-none.win32_1.15.0.201708311556/tools/compiler/bin/../lib/gcc/arm-none-eabi/6.3.1/../../../../arm-none-eabi/lib/thumb/v7e-m/fpv5-sp/hard\libc_nano.a(lib_a-findfp.o)
                0x080ce04c                __sf_fake_stderr
 .rodata.__sf_fake_stdin
                0x080ce06c       0x20 c:/ac6/systemworkbench/plugins/fr.ac6.mcu.externaltools.arm-none.win32_1.15.0.201708311556/tools/compiler/bin/../lib/gcc/arm-none-eabi/6.3.1/../../../../arm-none-eabi/lib/thumb/v7e-m/fpv5-sp/hard\libc_nano.a(lib_a-findfp.o)
                0x080ce06c                __sf_fake_stdin
 .rodata.__sf_fake_stdout
                0x080ce08c       0x20 c:/ac6/systemworkbench/plugins/fr.ac6.mcu.externaltools.arm-none.win32_1.15.0.201708311556/tools/compiler/bin/../lib/gcc/arm-none-eabi/6.3.1/../../../../arm-none-eabi/lib/thumb/v7e-m/fpv5-sp/hard\libc_nano.a(lib_a-findfp.o)
                0x080ce08c                __sf_fake_stdout
 .rodata._vfprintf_r.str1.1
                0x080ce0ac       0x11 c:/ac6/systemworkbench/plugins/fr.ac6.mcu.externaltools.arm-none.win32_1.15.0.201708311556/tools/compiler/bin/../lib/gcc/arm-none-eabi/6.3.1/../../../../arm-none-eabi/lib/thumb/v7e-m/fpv5-sp/hard\libc_nano.a(lib_a-nano-vfprintf.o)
 .rodata._printf_i.str1.1
                0x080ce0bd       0x22 c:/ac6/systemworkbench/plugins/fr.ac6.mcu.externaltools.arm-none.win32_1.15.0.201708311556/tools/compiler/bin/../lib/gcc/arm-none-eabi/6.3.1/../../../../arm-none-eabi/lib/thumb/v7e-m/fpv5-sp/hard\libc_nano.a(lib_a-nano-vfprintf_i.o)
                0x080ce0e0                . = ALIGN (0x4)
 *fill*         0x080ce0df        0x1 

.ARM.extab
 *(.ARM.extab* .gnu.linkonce.armextab.*)

.ARM            0x080ce0e0        0x8
                0x080ce0e0                __exidx_start = .
 *(.ARM.exidx*)
 .ARM.exidx     0x080ce0e0        0x8 c:/ac6/systemworkbench/plugins/fr.ac6.mcu.externaltools.arm-none.win32_1.15.0.201708311556/tools/compiler/bin/../lib/gcc/arm-none-eabi/6.3.1/thumb/v7e-m/fpv5-sp/hard\libgcc.a(_udivmoddi4.o)
                0x080ce0e8                __exidx_end = .

.rel.dyn        0x080ce0e8        0x0
 .rel.iplt      0x080ce0e8        0x0 c:/ac6/systemworkbench/plugins/fr.ac6.mcu.externaltools.arm-none.win32_1.15.0.201708311556/tools/compiler/bin/../lib/gcc/arm-none-eabi/6.3.1/thumb/v7e-m/fpv5-sp/hard/crtbegin.o

.preinit_array  0x080ce0e8        0x0
                0x080ce0e8                PROVIDE (__preinit_array_start, .)
 *(.preinit_array*)
                0x080ce0e8                PROVIDE (__preinit_array_end, .)

.init_array     0x080ce0e8        0x4
                0x080ce0e8                PROVIDE (__init_array_start, .)
 *(SORT(.init_array.*))
 *(.init_array*)
 .init_array    0x080ce0e8        0x4 c:/ac6/systemworkbench/plugins/fr.ac6.mcu.externaltools.arm-none.win32_1.15.0.201708311556/tools/compiler/bin/../lib/gcc/arm-none-eabi/6.3.1/thumb/v7e-m/fpv5-sp/hard/crtbegin.o
                0x080ce0ec                PROVIDE (__init_array_end, .)

.fini_array     0x080ce0ec        0x4
                [!provide]                PROVIDE (__fini_array_start, .)
 *(SORT(.fini_array.*))
 *(.fini_array*)
 .fini_array    0x080ce0ec        0x4 c:/ac6/systemworkbench/plugins/fr.ac6.mcu.externaltools.arm-none.win32_1.15.0.201708311556/tools/compiler/bin/../lib/gcc/arm-none-eabi/6.3.1/thumb/v7e-m/fpv5-sp/hard/crtbegin.o
                [!provide]                PROVIDE (__fini_array_end, .)
                0x080ce0f0                _sidata = LOADADDR (.data)

.data           0x20000000      0x668 load address 0x080ce0f0
                0x20000000                . = ALIGN (0x4)
                0x20000000                _sdata = .
 *(.data)
 .data          0x20000000        0x8 Drivers/STM32F7xx_HAL_Driver/Src/stm32f7xx_hal.o
                0x20000000                uwTickFreq
                0x20000004                uwTickPrio
 .data          0x20000008      0x5b0 Middlewares/ST/AI/AI/src/network.o
 .data          0x200005b8        0x1 Middlewares/ST/Application/Validation/Src/aiTestUtility.o
                0x200005b8                _ioWriteAllowed
 *fill*         0x200005b9        0x3 
 .data          0x200005bc       0x3c Middlewares/ST/Application/Validation/Src/aiValidation.o
 .data          0x200005f8        0x4 Src/system_stm32f7xx.o
                0x200005f8                SystemCoreClock
 .data          0x200005fc        0x4 D:\30_ARM_WS\workspace\STM32F7-DISCO-AI\Middlewares\ST\AI\AI\lib/network_runtime.a(core_net_inspect.o)
 *(.data*)
 .data.__fdlib_version
                0x20000600        0x1 c:/ac6/systemworkbench/plugins/fr.ac6.mcu.externaltools.arm-none.win32_1.15.0.201708311556/tools/compiler/bin/../lib/gcc/arm-none-eabi/6.3.1/../../../../arm-none-eabi/lib/thumb/v7e-m/fpv5-sp/hard\libm.a(lib_a-s_lib_ver.o)
                0x20000600                __fdlib_version
 *fill*         0x20000601        0x3 
 .data._impure_ptr
                0x20000604        0x4 c:/ac6/systemworkbench/plugins/fr.ac6.mcu.externaltools.arm-none.win32_1.15.0.201708311556/tools/compiler/bin/../lib/gcc/arm-none-eabi/6.3.1/../../../../arm-none-eabi/lib/thumb/v7e-m/fpv5-sp/hard\libc_nano.a(lib_a-impure.o)
                0x20000604                _impure_ptr
 .data.impure_data
                0x20000608       0x60 c:/ac6/systemworkbench/plugins/fr.ac6.mcu.externaltools.arm-none.win32_1.15.0.201708311556/tools/compiler/bin/../lib/gcc/arm-none-eabi/6.3.1/../../../../arm-none-eabi/lib/thumb/v7e-m/fpv5-sp/hard\libc_nano.a(lib_a-impure.o)
                0x20000668                . = ALIGN (0x4)
                0x20000668                _edata = .

.jcr            0x20000668        0x0 load address 0x080ce758
 .jcr           0x20000668        0x0 c:/ac6/systemworkbench/plugins/fr.ac6.mcu.externaltools.arm-none.win32_1.15.0.201708311556/tools/compiler/bin/../lib/gcc/arm-none-eabi/6.3.1/thumb/v7e-m/fpv5-sp/hard/crtbegin.o

.igot.plt       0x20000668        0x0 load address 0x080ce758
 .igot.plt      0x20000668        0x0 c:/ac6/systemworkbench/plugins/fr.ac6.mcu.externaltools.arm-none.win32_1.15.0.201708311556/tools/compiler/bin/../lib/gcc/arm-none-eabi/6.3.1/thumb/v7e-m/fpv5-sp/hard/crtbegin.o
                0x20000668                . = ALIGN (0x4)

.bss            0x20000668     0xbb40 load address 0x080ce758
                0x20000668                _sbss = .
                0x20000668                __bss_start__ = _sbss
 *(.bss)
 .bss           0x20000668       0x1c c:/ac6/systemworkbench/plugins/fr.ac6.mcu.externaltools.arm-none.win32_1.15.0.201708311556/tools/compiler/bin/../lib/gcc/arm-none-eabi/6.3.1/thumb/v7e-m/fpv5-sp/hard/crtbegin.o
 .bss           0x20000684       0x28 Middlewares/ST/AI/AI/src/network.o
 .bss           0x200006ac      0x270 Middlewares/ST/Application/Validation/Src/aiPbMgr.o
 .bss           0x2000091c       0x50 Middlewares/ST/Application/Validation/Src/aiTestUtility.o
 *fill*         0x2000096c        0x4 
 .bss           0x20000970     0xb744 Middlewares/ST/Application/Validation/Src/aiValidation.o
 .bss           0x2000c0b4       0x28 Src/app_x-cube-ai.o
 .bss           0x2000c0dc       0x24 D:\30_ARM_WS\workspace\STM32F7-DISCO-AI\Middlewares\ST\AI\AI\lib/network_runtime.a(ai_network_inspector.o)
 *(.bss*)
 .bss.__malloc_free_list
                0x2000c100        0x4 c:/ac6/systemworkbench/plugins/fr.ac6.mcu.externaltools.arm-none.win32_1.15.0.201708311556/tools/compiler/bin/../lib/gcc/arm-none-eabi/6.3.1/../../../../arm-none-eabi/lib/thumb/v7e-m/fpv5-sp/hard\libc_nano.a(lib_a-nano-mallocr.o)
                0x2000c100                __malloc_free_list
 .bss.__malloc_sbrk_start
                0x2000c104        0x4 c:/ac6/systemworkbench/plugins/fr.ac6.mcu.externaltools.arm-none.win32_1.15.0.201708311556/tools/compiler/bin/../lib/gcc/arm-none-eabi/6.3.1/../../../../arm-none-eabi/lib/thumb/v7e-m/fpv5-sp/hard\libc_nano.a(lib_a-nano-mallocr.o)
                0x2000c104                __malloc_sbrk_start
 .bss.heap_end.5239
                0x2000c108        0x4 c:/ac6/systemworkbench/plugins/fr.ac6.mcu.externaltools.arm-none.win32_1.15.0.201708311556/tools/compiler/bin/../lib/gcc/arm-none-eabi/6.3.1/../../../../arm-none-eabi/lib/thumb/v7e-m/fpv5-sp/hard\libnosys.a(sbrk.o)
 *(COMMON)
 COMMON         0x2000c10c        0x4 Drivers/STM32F7xx_HAL_Driver/Src/stm32f7xx_hal.o
                0x2000c10c                uwTick
 COMMON         0x2000c110       0x24 Src/crc.o
                0x2000c110                hcrc
 COMMON         0x2000c134       0x70 Src/usart.o
                0x2000c134                huart1
 COMMON         0x2000c1a4        0x4 c:/ac6/systemworkbench/plugins/fr.ac6.mcu.externaltools.arm-none.win32_1.15.0.201708311556/tools/compiler/bin/../lib/gcc/arm-none-eabi/6.3.1/../../../../arm-none-eabi/lib/thumb/v7e-m/fpv5-sp/hard\libc_nano.a(lib_a-reent.o)
                0x2000c1a4                errno
                0x2000c1a8                . = ALIGN (0x4)
                0x2000c1a8                _ebss = .
                0x2000c1a8                __bss_end__ = _ebss

._user_heap_stack
                0x2000c1a8     0x2400 load address 0x080ce758
                0x2000c1a8                . = ALIGN (0x8)
                0x2000c1a8                PROVIDE (end, .)
                [!provide]                PROVIDE (_end, .)
                0x2000e1a8                . = (. + _Min_Heap_Size)
 *fill*         0x2000c1a8     0x2000 
                0x2000e5a8                . = (. + _Min_Stack_Size)
 *fill*         0x2000e1a8      0x400 
                0x2000e5a8                . = ALIGN (0x8)

/DISCARD/
 libc.a(*)
 libm.a(*)
 libgcc.a(*)

.ARM.attributes
                0x00000000       0x34
 *(.ARM.attributes)
 .ARM.attributes
                0x00000000       0x22 c:/ac6/systemworkbench/plugins/fr.ac6.mcu.externaltools.arm-none.win32_1.15.0.201708311556/tools/compiler/bin/../lib/gcc/arm-none-eabi/6.3.1/thumb/v7e-m/fpv5-sp/hard/crti.o
 .ARM.attributes
                0x00000022       0x34 c:/ac6/systemworkbench/plugins/fr.ac6.mcu.externaltools.arm-none.win32_1.15.0.201708311556/tools/compiler/bin/../lib/gcc/arm-none-eabi/6.3.1/thumb/v7e-m/fpv5-sp/hard/crtbegin.o
 .ARM.attributes
                0x00000056       0x39 Drivers/CMSIS/DSP_Lib/Source/BasicMathFunctions/arm_dot_prod_f32.o
 .ARM.attributes
                0x0000008f       0x39 Drivers/STM32F7xx_HAL_Driver/Src/stm32f7xx_hal.o
 .ARM.attributes
                0x000000c8       0x39 Drivers/STM32F7xx_HAL_Driver/Src/stm32f7xx_hal_cortex.o
 .ARM.attributes
                0x00000101       0x39 Drivers/STM32F7xx_HAL_Driver/Src/stm32f7xx_hal_crc.o
 .ARM.attributes
                0x0000013a       0x39 Drivers/STM32F7xx_HAL_Driver/Src/stm32f7xx_hal_crc_ex.o
 .ARM.attributes
                0x00000173       0x39 Drivers/STM32F7xx_HAL_Driver/Src/stm32f7xx_hal_gpio.o
 .ARM.attributes
                0x000001ac       0x39 Drivers/STM32F7xx_HAL_Driver/Src/stm32f7xx_hal_pwr_ex.o
 .ARM.attributes
                0x000001e5       0x39 Drivers/STM32F7xx_HAL_Driver/Src/stm32f7xx_hal_rcc.o
 .ARM.attributes
                0x0000021e       0x39 Drivers/STM32F7xx_HAL_Driver/Src/stm32f7xx_hal_rcc_ex.o
 .ARM.attributes
                0x00000257       0x39 Drivers/STM32F7xx_HAL_Driver/Src/stm32f7xx_hal_uart.o
 .ARM.attributes
                0x00000290       0x39 Middlewares/ST/AI/AI/data/network_data.o
 .ARM.attributes
                0x000002c9       0x39 Middlewares/ST/AI/AI/src/network.o
 .ARM.attributes
                0x00000302       0x39 Middlewares/ST/Application/Validation/Src/aiPbMgr.o
 .ARM.attributes
                0x0000033b       0x39 Middlewares/ST/Application/Validation/Src/aiTestUtility.o
 .ARM.attributes
                0x00000374       0x39 Middlewares/ST/Application/Validation/Src/aiValidation.o
 .ARM.attributes
                0x000003ad       0x39 Middlewares/ST/Application/Validation/Src/pb_common.o
 .ARM.attributes
                0x000003e6       0x39 Middlewares/ST/Application/Validation/Src/pb_decode.o
 .ARM.attributes
                0x0000041f       0x39 Middlewares/ST/Application/Validation/Src/pb_encode.o
 .ARM.attributes
                0x00000458       0x39 Middlewares/ST/Application/Validation/Src/stm32msg.pb.o
 .ARM.attributes
                0x00000491       0x39 Src/app_x-cube-ai.o
 .ARM.attributes
                0x000004ca       0x39 Src/crc.o
 .ARM.attributes
                0x00000503       0x39 Src/gpio.o
 .ARM.attributes
                0x0000053c       0x39 Src/main.o
 .ARM.attributes
                0x00000575       0x39 Src/stm32f7xx_hal_msp.o
 .ARM.attributes
                0x000005ae       0x39 Src/stm32f7xx_it.o
 .ARM.attributes
                0x000005e7       0x39 Src/system_stm32f7xx.o
 .ARM.attributes
                0x00000620       0x39 Src/usart.o
 .ARM.attributes
                0x00000659       0x21 startup/startup_stm32f746xx.o
 .ARM.attributes
                0x0000067a       0x56 D:\30_ARM_WS\workspace\STM32F7-DISCO-AI\Middlewares\ST\AI\AI\lib/network_runtime.a(ai_network_inspector.o)
 .ARM.attributes
                0x000006d0       0x56 D:\30_ARM_WS\workspace\STM32F7-DISCO-AI\Middlewares\ST\AI\AI\lib/network_runtime.a(ai_platform_interface.o)
 .ARM.attributes
                0x00000726       0x58 D:\30_ARM_WS\workspace\STM32F7-DISCO-AI\Middlewares\ST\AI\AI\lib/network_runtime.a(core_common.o)
 .ARM.attributes
                0x0000077e       0x56 D:\30_ARM_WS\workspace\STM32F7-DISCO-AI\Middlewares\ST\AI\AI\lib/network_runtime.a(core_net_inspect.o)
 .ARM.attributes
                0x000007d4       0x58 D:\30_ARM_WS\workspace\STM32F7-DISCO-AI\Middlewares\ST\AI\AI\lib/network_runtime.a(core_utils.o)
 .ARM.attributes